[workscout.in/index.html]
[workscout.in/xmlrpc.php]
[backblue.gif]
[fade.gif]
[index.html]
[workscout.in/wp-content/uploads/2024/05/1880381-1-scaled-1.jpg]
[workscout.in/wp-content/cache/min/1/wp-content/plugins/web-font-social-icons/css/icons1231.css]
[workscout.in/wp-content/cache/min/1/wp-includes/css/dashicons.min3d6a.css]
[workscout.in/wp-content/cache/min/1/wp-content/plugins/mas-wp-job-manager-company-reviews/assets/css/mas-wp-job-manager-company-reviews3d6a.css]
[workscout.in/wp-content/cache/min/1/wp-content/plugins/wp-job-manager-alerts/assets/dist/css/frontend3d6a.css]
[workscout.in/wp-content/cache/min/1/wp-content/plugins/wp-job-manager-alerts/assets/dist/css/frontend.default3d6a.css]
[workscout.in/wp-content/cache/min/1/wp-content/plugins/wp-job-manager-tags/assets/dist/css/frontend3d6a.css]
[workscout.in/wp-content/cache/min/1/wp-content/themes/workscout/css/icons3d6a.css]
[workscout.in/wp-content/themes/workscout/css/base.min53cf.css]
[workscout.in/wp-content/themes/workscout/css/responsive.min53cf.css]
[workscout.in/feed/index.html]
[workscout.in/wp-content/cache/min/1/wp-content/themes/workscout/css/font-awesome.min3d6a.css]
[workscout.in/wp-content/cache/min/1/wp-content/themes/workscout/style5007.css]
[workscout.in/wp-content/themes/workscout/css/woocommerce.min53cf.css]
[workscout.in/comments/feed/index.html]
[workscout.in/wp-content/cache/min/1/wp-content/plugins/elementor/assets/lib/eicons/css/elementor-icons.min906f.css]
[workscout.in/wp-content/plugins/elementor/assets/css/frontend-lite.mind5d5.css]
[workscout.in/wp-content/cache/min/1/wp-content/plugins/elementor/assets/lib/swiper/v8/css/swiper.min2bbf.css]
[workscout.in/wp-content/uploads/elementor/css/post-2577631b8.css]
[workscout.in/wp-content/uploads/elementor/css/global777a.css]
[workscout.in/wp-content/uploads/elementor/css/post-90c70.css]
[workscout.in/wp-content/plugins/elementor/assets/lib/font-awesome/css/fontawesome.min52d5.css]
[workscout.in/wp-content/cache/min/1/wp-content/plugins/elementor/assets/lib/font-awesome/css/solid.min2bbf.css]
[workscout.in/wp-includes/js/jquery/jquery.minf43b.js]
[workscout.in/wp-includes/js/jquery/jquery-migrate.min5589.js]
[workscout.in/wp-content/plugins/woocommerce/assets/js/jquery-blockui/jquery.blockUI.min56aa.js]
[workscout.in/wp-content/plugins/woocommerce/assets/js/js-cookie/js.cookie.minc42f.js]
[workscout.in/wp-content/plugins/woocommerce/assets/js/frontend/woocommerce.mind440.js]
[workscout.in/wp-content/plugins/workscout-core/assets/js/bootstrap-slider.min7514.js]
[workscout.in/wp-content/plugins/workscout-core/assets/js/leaflet109c.js]
[workscout.in/wp-content/plugins/workscout-core/assets/js/leaflet-googlemutant7514.js]
[workscout.in/wp-content/plugins/workscout-core/assets/js/control.geocoder7514.js]
[workscout.in/wp-content/plugins/workscout-core/assets/js/leaflet.markercluster7514.js]
[workscout.in/wp-content/plugins/workscout-core/assets/js/leaflet-gesture-handling.min7514.js]
[workscout.in/wp-content/plugins/workscout-core/assets/js/workscout.leaflet7514.js]
[workscout.in/wp-content/plugins/woocommerce/assets/js/select2/select2.full.min2a9b.js]
[www.google.com/recaptcha/apie767.js]
[workscout.in/wp-content/plugins/workscout-core/assets/js/recaptchav37514.js]
[workscout.in/wp-content/plugins/workscout-core/assets/js/frontend7514.js]
[workscout.in/wp-content/plugins/workscout-core/assets/js/pikaday7514.js]
[workscout.in/wp-content/plugins/mas-wp-job-manager-company-reviews/assets/js/mas-wp-job-manager-company-reviews109c.js]
[workscout.in/wp-content/themes/workscout/js/dropzone53cf.js]
[workscout.in/wp-json/wp/v2/pages/9.json]
[workscout.in/wp-json/index.html]
[workscout.in/xmlrpc0db0.php]
[workscout.in/wp-json/oembed/1.0/embed1445.json]
[workscout.in/wp-json/oembed/1.0/embedd53b]
[workscout.in/wp-content/plugins/woocommerce/assets/fonts/Inter-VariableFont_slnt,wght.woff2]
[workscout.in/wp-content/plugins/woocommerce/assets/fonts/cardo_normal_400.woff2]
[workscout.in/wp-content/uploads/2021/03/clipart.svg]
[workscout.in/wp-content/fonts/poppins/pxiEyp8kv8JHgFVrJJnecmNE.woff2]
[workscout.in/wp-content/fonts/poppins/pxiEyp8kv8JHgFVrJJfecg.woff2]
[workscout.in/wp-content/uploads/2023/11/logo2.png]
[workscout.in/wp-login1549.php]
[workscout.in/cdn-cgi/scripts/5c5dd728/cloudflare-static/email-decode.min.js]
[workscout.in/home-2/index.html]
[workscout.in/wp-content/uploads/job-manager-uploads/company_logo/2021/11/company-logo-06-150x150.png]
[workscout.in/home-3/index.html]
[workscout.in/wp-content/uploads/job-manager-uploads/company_logo/2021/11/company-logo-03-150x150.png]
[workscout.in/home-4/index.html]
[workscout.in/home-5/index.html]
[workscout.in/home-6/index.html]
[workscout.in/wp-content/uploads/job-manager-uploads/company_logo/2021/11/company-logo-02-1-150x150.png]
[workscout.in/browse-jobs-list-layout-sample/index.html]
[workscout.in/browse-jobs/index.html]
[workscout.in/browse-jobs-full-page-layout/index.html]
[workscout.in/browse-jobs-without-map/index.html]
[workscout.in/wp-content/uploads/2018/03/placeholder.png]
[workscout.in/browse-jobs-map/index.html]
[workscout.in/wp-content/uploads/job-manager-uploads/company_logo/2021/11/company-logo-01-2-150x150.png]
[workscout.in/task-list-layout/index.html]
[workscout.in/task-grid-layout/index.html]
[workscout.in/wp-login0ddc.php]
[workscout.in/tasks-full-page/index.html]
[workscout.in/companies/index.html]
[workscout.in/wp-content/plugins/elementor/assets/css/widget-icon-list.min.css]
[workscout.in/wp-content/uploads/2022/02/olga-serjantu-tqkDGqPW8Vo-unsplash.jpg]
[workscout.in/wp-content/uploads/2022/02/annie-spratt-MChSQHxGZrQ-unsplash.jpg]
[workscout.in/browse-categories/index.html]
[workscout.in/wp-content/uploads/2015/10/resumes-list-avatar-03.png]
[workscout.in/wp-content/uploads/2015/10/resumes-list-avatar-01.png]
[workscout.in/wp-content/uploads/2015/10/resumes-list-avatar-02.png]
[workscout.in/candidate-dashboard/index.html]
[workscout.in/wp-content/uploads/2015/10/blog-post-03-498x315.jpg]
[workscout.in/submit-resume/index.html]
[workscout.in/resumes-grid/index.html]
[workscout.in/resumes/index.html]
[workscout.in/wp-content/uploads/2015/10/blog-post-02-498x315.jpg]
[workscout.in/wp-content/uploads/2015/10/blog-post-01-498x315.jpg]
[workscout.in/resumes-full-page/index.html]
[workscout.in/wp-content/cache/min/1/wp-content/plugins/woocommerce/assets/client/blocks/wc-blocksdbcb.css]
[workscout.in/resumes-list/index.html]
[workscout.in/wp-content/cache/min/1/wp-content/plugins/wp-job-manager/assets/dist/css/uidbcb.css]
[workscout.in/browse-candidates/index.html]
[workscout.in/wp-content/cache/min/1/wp-content/plugins/wp-subscribe/assets/css/wp-subscribe-form0503.css]
[workscout.in/wp-content/plugins/workscout-freelancer/assets/js/snackbar5152.js]
[workscout.in/wp-content/plugins/workscout-freelancer/assets/js/tippy.all.min5152.js]
[workscout.in/wp-content/plugins/workscout-freelancer/assets/js/bootstrap-select.min5152.js]
[workscout.in/post-a-job/index.html]
[workscout.in/wp-content/plugins/workscout-freelancer/assets/js/workscout-freelancer-frontend5152.js]
[workscout.in/wp-includes/js/jquery/ui/core.minb37e.js]
[workscout.in/wp-includes/js/jquery/ui/menu.minb37e.js]
[workscout.in/wp-includes/js/dist/dom-ready.min5346.js]
[workscout.in/wp-includes/js/dist/hooks.min2757.js]
[workscout.in/wp-includes/js/dist/i18n.minc33c.js]
[workscout.in/submit-company/index.html]
[workscout.in/wp-includes/js/dist/a11y.mine810.js]
[workscout.in/wp-includes/js/jquery/ui/autocomplete.minb37e.js]
[workscout.in/manage-jobs/index.html]
[workscout.in/wp-includes/js/jquery/ui/mouse.minb37e.js]
[workscout.in/wp-includes/js/jquery/ui/sortable.minb37e.js]
[workscout.in/wp-content/themes/workscout/js/custom.min1617.js]
[workscout.in/wp-content/plugins/workscout-core/assets/js/ajax-login-script5152.js]
[workscout.in/wp-content/themes/workscout/js/skip-link-focus-fix.min08e0.js]
[workscout.in/job/grader-operator/index.html]
[workscout.in/wp-content/themes/workscout/js/slick.min53cf.js]
[workscout.in/wp-content/themes/workscout/js/hoverIntent.min53cf.js]
[workscout.in/resume/peter-waldow/index.html]
[workscout.in/wp-content/themes/workscout/js/jquery.counterup.min53cf.js]
[workscout.in/task/food-rtteo5ce8-food-delivery-mobile-application-dsffsd/index.html]
[workscout.in/wp-content/themes/workscout/js/jquery.flexslider-min53cf.js]
[workscout.in/blog/index.html]
[workscout.in/wp-content/themes/workscout/js/jquery.gmaps.min53cf.js]
[workscout.in/wp-content/themes/workscout/js/jquery.isotope.min53cf.js]
[workscout.in/wp-content/themes/workscout/js/jquery.magnific-popup.min53cf.js]
[workscout.in/wp-content/themes/workscout/js/jquery.superfish.min53cf.js]
[workscout.in/wp-content/themes/workscout/js/stacktable.min53cf.js]
[workscout.in/wp-content/themes/workscout/js/waypoints.min53cf.js]
[workscout.in/faq/index.html]
[workscout.in/wp-content/themes/workscout/js/headroom.min53cf.js]
[workscout.in/wp-content/plugins/woocommerce/assets/js/sourcebuster/sourcebuster.mind440.js]
[workscout.in/contact/index.html]
[workscout.in/wp-content/plugins/woocommerce/assets/js/frontend/order-attribution.mind440.js]
[workscout.in/wp-content/plugins/wp-job-manager-locations/assets/js/main.minf72a.js]
[workscout.in/jobs/index.html]
[workscout.in/wp-content/plugins/wp-job-manager/assets/lib/jquery-deserialize/jquery.deserialize1576.js]
[workscout.in/wp-content/themes/workscout/js/workscout-resumes-ajax-filters.min53cf.js]
[workscout.in/wp-content/plugins/wp-job-manager-alerts/assets/dist/js/job-alerts55a0.js]
[workscout.in/wp-content/plugins/wp-job-manager/assets/dist/js/ui-theme-support86c3.js]
[workscout.in/job-category/accounting-finance/index.html]
[workscout.in/wp-content/themes/workscout/js/workscout-ajax-filters.min53cf.js]
[workscout.in/wp-content/plugins/wp-subscribe/assets/js/wp-subscribe-form109c.js]
[workscout.in/wp-content/plugins/elementor/assets/js/webpack.runtime.mind5d5.js]
[workscout.in/dashboard-page/index0ddc.html]
[workscout.in/job-category/automotive-jobs/index.html]
[workscout.in/wp-content/plugins/elementor/assets/js/frontend-modules.mind5d5.js]
[workscout.in/job-category/construction-facilities/index.html]
[workscout.in/wp-content/plugins/elementor/assets/lib/waypoints/waypoints.min05da.js]
[workscout.in/wp-content/plugins/elementor/assets/js/frontend.mind5d5.js]
[workscout.in/job-category/education-training/index.html]
[workscout.in/job-category/restaurant-food-service/index.html]
[workscout.in/job-category/healthcare/index.html]
[workscout.in/job-category/sales-marketing/index.html]
[workscout.in/job-category/telecommunications/index.html]
[workscout.in/index.html]
[workscout.in/xmlrpc.php]
[workscout.in/job/senior-health-and-nutrition-advisor/index.html]
[workscout.in/job/telecommunication-systems-engineer/index.html]
[workscout.in/job/restaurant-dishwasher/index.html]
[workscout.in/job/social-media-and-public-relation-executive/index.html]
[workscout.in/dashboard-page/index.html]
[workscout.in/wp-content/plugins/web-font-social-icons/font/fontello0bee.eot]
[workscout.in/wp-content/plugins/web-font-social-icons/font/fontello0bee.woff]
[workscout.in/2023/10/11-tips-to-help-you-get-new-clients-through-cold-calling/index.html]
[workscout.in/2023/10/hey-job-seeker-its-time-to-get-up-and-get-hired/index.html]
[workscout.in/2023/10/how-to-woo-a-recruiter-and-land-your-dream-job/index.html]
[workscout.in/wp-content/plugins/web-font-social-icons/font/fontello0bee.ttf]
[workscout.in/wp-content/plugins/web-font-social-icons/font/fontello0bee.svg]
[workscout.in/wp-content/cache/min/1/wp-content/plugins/web-font-social-icons/css/icons1231.css]
[workscout.in/my-bookmarks/index.html]
[workscout.in/wp-content/plugins/workscout-freelancer/assets/css/freelancer5152.css]
[workscout.in/job-alerts/index.html]
[workscout.in/privacy-policy/index.html]
[workscout.in/wp-content/cache/min/1/wp-includes/css/dashicons.min3d6a.css]
[workscout.in/wp-content/cache/min/1/wp-content/plugins/mas-wp-job-manager-company-reviews/assets/css/mas-wp-job-manager-company-reviews3d6a.css]
[workscout.in/wp-content/cache/min/1/wp-content/plugins/wp-job-manager-alerts/assets/dist/css/frontend3d6a.css]
[workscout.in/wp-content/cache/min/1/wp-content/plugins/wp-job-manager-alerts/assets/dist/css/frontend.default3d6a.css]
[workscout.in/wp-content/cache/min/1/wp-content/plugins/wp-job-manager-tags/assets/dist/css/frontend3d6a.css]
[workscout.in/wp-includes/fonts/dashicons7d4b.eot]
[workscout.in/wp-content/themes/workscout/fonts/Brand-Icons036a.ttf]
[workscout.in/wp-content/themes/workscout/fonts/Brand-Icons036a.woff]
[workscout.in/wp-content/themes/workscout/fonts/Brand-Icons036a.svg]
[workscout.in/wp-content/themes/workscout/fonts/Feather-Iconse198.ttf]
[workscout.in/wp-content/themes/workscout/fonts/Feather-Iconse198.woff]
[workscout.in/wp-content/themes/workscout/fonts/Feather-Iconse198.svg]
[workscout.in/wp-content/themes/workscout/fonts/Material-Iconsb7df.ttf]
[workscout.in/wp-content/themes/workscout/fonts/Material-Iconsb7df.woff]
[workscout.in/wp-content/cache/min/1/wp-content/themes/workscout/css/icons3d6a.css]
[workscout.in/wp-content/themes/workscout/css/base.min53cf.css]
[workscout.in/wp-content/themes/workscout/css/responsive.min53cf.css]
[workscout.in/wp-content/themes/workscout/fonts/Material-Iconsb7df.svg]
[workscout.in/wp-content/themes/workscout/fonts/fontawesome-webfontd41d.eot]
[workscout.in/wp-content/themes/workscout/fonts/fontawesome-webfont3e6e.eot]
[workscout.in/wp-content/themes/workscout/fonts/fontawesome-webfont3e6e.woff2]
[workscout.in/wp-content/themes/workscout/fonts/fontawesome-webfont3e6e.ttf]
[workscout.in/wp-content/cache/min/1/wp-content/themes/workscout/css/font-awesome.min3d6a.css]
[workscout.in/wp-content/themes/workscout/fonts/fontawesome-webfont3e6e.woff]
[workscout.in/wp-content/themes/workscout/images/ico-01.png]
[workscout.in/wp-content/themes/workscout/fonts/fontawesome-webfont3e6e.svg]
[workscout.in/wp-content/themes/workscout/images/ico-02.png]
[workscout.in/wp-content/themes/workscout/images/close-ico.svg]
[workscout.in/wp-content/themes/workscout/images/alert_boxes_close_ico.png]
[workscout.in/wp-content/themes/workscout/fonts/fontello0bee.eot]
[workscout.in/wp-content/themes/workscout/fonts/fontello0bee.woff]
[workscout.in/wp-content/themes/workscout/fonts/fontello0bee.ttf]
[workscout.in/wp-content/themes/workscout/fonts/fontello0bee.svg]
[workscout.in/wp-content/themes/workscout/images/famfamfam.png]
[workscout.in/wp-content/themes/workscout/images/layers.png]
[workscout.in/wp-content/themes/workscout/images/layers-2x.png]
[workscout.in/wp-content/themes/workscout/images/marker-icon.png]
[workscout.in/wp-content/themes/workscout/images/geocoder.png]
[workscout.in/wp-content/themes/workscout/images/throbber.gif]
[workscout.in/wp-content/cache/min/1/wp-content/themes/workscout/style5007.css]
[workscout.in/wp-content/themes/workscout/css/woocommerce.min53cf.css]
[workscout.in/wp-content/themes/workscout/css/v2style53cf.css]
[workscout.in/wp-content/plugins/elementor/assets/lib/eicons/fonts/eiconsc63f.eot]
[workscout.in/wp-content/plugins/elementor/assets/lib/eicons/fonts/eiconsc63f.woff2]
[workscout.in/wp-content/plugins/elementor/assets/lib/eicons/fonts/eiconsc63f.woff]
[workscout.in/wp-content/plugins/elementor/assets/lib/eicons/fonts/eiconsc63f.ttf]
[workscout.in/wp-content/cache/min/1/wp-content/plugins/elementor/assets/lib/eicons/css/elementor-icons.min906f.css]
[workscout.in/wp-content/plugins/elementor/assets/css/frontend-lite.mind5d5.css]
[workscout.in/wp-content/cache/min/1/wp-content/plugins/elementor/assets/lib/swiper/v8/css/swiper.min2bbf.css]
[workscout.in/wp-content/uploads/elementor/css/post-2577631b8.css]
[workscout.in/wp-content/uploads/elementor/css/global777a.css]
[workscout.in/wp-content/uploads/elementor/css/post-90c70.css]
[workscout.in/wp-content/plugins/elementor/assets/lib/font-awesome/css/fontawesome.min52d5.css]
[workscout.in/wp-content/plugins/elementor/assets/lib/eicons/fonts/eiconsc63f.svg]
[workscout.in/wp-content/uploads/2022/02/wave-haikei2.svg]
[workscout.in/wp-content/plugins/elementor/assets/lib/font-awesome/webfonts/fa-solid-900.eot]
[workscout.in/wp-content/plugins/elementor/assets/lib/font-awesome/webfonts/fa-solid-900d41d.eot]
[workscout.in/wp-content/plugins/elementor/assets/lib/font-awesome/webfonts/fa-solid-900.woff2]
[workscout.in/wp-content/plugins/elementor/assets/lib/font-awesome/webfonts/fa-solid-900.woff]
[workscout.in/wp-content/plugins/elementor/assets/lib/font-awesome/webfonts/fa-solid-900.ttf]
[workscout.in/wp-content/cache/min/1/wp-content/plugins/elementor/assets/lib/font-awesome/css/solid.min2bbf.css]
[workscout.in/wp-content/uploads/2021/03/clipart.svg]
[workscout.in/wp-content/plugins/elementor/assets/lib/font-awesome/webfonts/fa-solid-900.svg]
[workscout.in/wp-content/uploads/2022/02/stacked-waves-haikei-3.svg]
[workscout.in/wp-content/uploads/elementor/css/post-5657a1ce.css]
[workscout.in/wp-json/wp/v2/pages/5657.json]
[workscout.in/wp-json/oembed/1.0/embedc97f.json]
[workscout.in/wp-json/oembed/1.0/embed4186]
[workscout.in/wp-content/uploads/2023/11/logo.png]
[workscout.in/wp-content/uploads/2022/02/balazs-ketyi-_x335IZXxfc-unsplash.jpg]
[workscout.in/job-category/design-art-multimedia/index.html]
[workscout.in/wp-content/uploads/2022/02/daniel-mccullough-HtBlQdxfG9k-unsplash.jpg]
[workscout.in/wp-content/uploads/2022/02/owen-beard-DK8jXx1B-1c-unsplash.jpg]
[workscout.in/wp-content/uploads/2022/02/jakob-owens-WUmb_eBrpjs-unsplash.jpg]
[workscout.in/job-category/public-relations/index.html]
[workscout.in/wp-content/uploads/2022/02/brooke-cagle-g1Kr4Ozfoac-unsplash.jpg]
[workscout.in/wp-content/uploads/2023/11/promotion-product-strategy-marketing-concept.jpg]
[workscout.in/wp-content/uploads/2022/02/chad-montano-MqT0asuoIcU-unsplash.jpg]
[workscout.in/wp-content/uploads/2022/02/pexels-tom-fisk-1427107.jpg]
[workscout.in/job-category/transportation-logistics/index.html]
[workscout.in/wp-content/uploads/job-manager-uploads/company_logo/2021/11/company-logo-03.png]
[workscout.in/company/king-lrawqefhs-london-uk/index.html]
[workscout.in/company/tech-98mevlhn-new-york-usa/index.html]
[workscout.in/wp-content/uploads/job-manager-uploads/company_logo/2021/11/company-logo-01-2.png]
[workscout.in/wp-content/uploads/job-manager-uploads/company_logo/2021/11/purethemes_av1.png]
[workscout.in/company/purethemes-e7zikjph-dublin-ireland/index.html]
[workscout.in/wp-content/uploads/2022/02/clint-bustrillos-K7OUs6y_cm8-unsplash-576x1024.jpg]
[workscout.in/wp-content/uploads/2022/02/pexels-edgar-colomba-2671089.jpg]
[workscout.in/job-region/los-angeles/index.html]
[workscout.in/wp-content/uploads/2024/01/popular-location-04.jpg]
[workscout.in/wp-content/uploads/2024/01/popular-location-03.jpg]
[workscout.in/job-region/miami/index.html]
[workscout.in/job-region/san-francisco/index.html]
[workscout.in/wp-content/uploads/2024/01/popular-location-01.jpg]
[workscout.in/job-region/new-york/index.html]
[workscout.in/home-2/index.html]
[workscout.in/wp-content/themes/workscout/js/custom.minec1c.js]
[workscout.in/wp-content/uploads/2022/02/bg.svg]
[workscout.in/wp-content/uploads/elementor/css/post-22274ed33.css]
[workscout.in/wp-json/wp/v2/pages/22274.json]
[workscout.in/wp-json/oembed/1.0/embed14e6.json]
[workscout.in/wp-json/oembed/1.0/embed996a]
[workscout.in/wp-content/uploads/job-manager-uploads/company_logo/2021/11/company-logo-06-300x300.png]
[workscout.in/wp-content/uploads/job-manager-uploads/company_logo/2021/11/company-logo-03-300x300.png]
[workscout.in/wp-content/uploads/job-manager-uploads/company_logo/2021/11/company-logo-02-1-300x300.png]
[workscout.in/wp-content/uploads/job-manager-uploads/company_logo/2021/11/company-logo-01-2-300x300.png]
[workscout.in/job/motor-vehicle-technician/index.html]
[workscout.in/home-3/index.html]
[workscout.in/wp-content/themes/workscout/js/custom.min613a.js]
[workscout.in/wp-content/uploads/2023/11/1565047_out-scaled.jpg]
[workscout.in/wp-content/uploads/elementor/css/post-2646c2ea.css]
[workscout.in/wp-json/wp/v2/pages/2646.json]
[workscout.in/wp-json/oembed/1.0/embedbe3e.json]
[workscout.in/wp-json/oembed/1.0/embed392b]
[workscout.in/wp-content/uploads/job-manager-uploads/company_logo/2021/11/company-logo-02-1.png]
[workscout.in/wp-content/uploads/2022/02/Interview-bro.svg]
[workscout.in/company/coffee-1h2mqsl-warsaw-poland/index.html]
[workscout.in/home-4/index.html]
[workscout.in/wp-content/themes/workscout/js/custom.min272a.js]
[workscout.in/resume/lucas-harris/index.html]
[workscout.in/wp-content/uploads/2023/11/man-office-scaled-e1700653116534-590x590.jpg]
[workscout.in/wp-content/uploads/elementor/css/post-259759fb.css]
[workscout.in/wp-json/wp/v2/pages/2597.json]
[workscout.in/wp-json/oembed/1.0/embedc138.json]
[workscout.in/wp-json/oembed/1.0/embed7800]
[workscout.in/wp-content/themes/workscout/images/flags/de.svg]
[workscout.in/task-category/web-development/index.html]
[workscout.in/task-category/marketing/index.html]
[workscout.in/task-category/mobile-apps/index.html]
[workscout.in/wp-content/uploads/2023/11/4002892-e1700652027624.jpg]
[workscout.in/wp-content/themes/workscout/images/flags/gb.svg]
[workscout.in/resume/george-4oolif6-visual-identity-designer-london/index.html]
[workscout.in/task-category/copywriting/index.html]
[workscout.in/wp-content/uploads/2023/11/logo-carousel-01.png]
[workscout.in/wp-content/uploads/2023/11/logo-carousel-02.png]
[workscout.in/wp-content/uploads/2023/11/logo-carousel-03.png]
[workscout.in/wp-content/uploads/2023/11/logo-carousel-04.png]
[workscout.in/wp-content/uploads/2023/11/logo-carousel-05.png]
[workscout.in/wp-content/uploads/2023/11/logo-carousel-06.png]
[workscout.in/wp-content/uploads/2024/01/pexels-lisa-fotios-1092644-scaled.jpg]
[workscout.in/wp-content/uploads/2022/02/annie-spratt-MChSQHxGZrQ-unsplash-1.jpg]
[workscout.in/wp-content/uploads/2023/11/online-strategy-media-marketing-icons.jpg]
[workscout.in/wp-content/uploads/2024/01/pexels-cottonbro-studio-3661356-scaled.jpg]
[workscout.in/task-category/childcare/index.html]
[workscout.in/wp-content/uploads/2024/01/pexels-luis-quintero-1787235-scaled.jpg]
[workscout.in/wp-content/plugins/elementor/assets/css/widget-icon-box.min.css]
[workscout.in/task-category/photography/index.html]
[workscout.in/wp-content/uploads/2023/11/4002892-e1700652027624-200x200.jpg]
[workscout.in/task/game-developer-wanted/index.html]
[workscout.in/wp-content/uploads/2015/10/Untitled-13.png]
[workscout.in/task/babysitter-wanted/index.html]
[workscout.in/wp-content/themes/workscout/images/flags/ca.svg]
[workscout.in/task/translating-15000-words-from-english-to-german/index.html]
[workscout.in/resume/david-moore/index.html]
[workscout.in/wp-content/uploads/2023/11/linkedin-sales-solutions-pAtA8xe_iVM-unsplash-e1700651692628-200x200.jpg]
[workscout.in/wp-content/themes/workscout/images/flags/us.svg]
[workscout.in/resume/mike-jackson/index.html]
[workscout.in/wp-content/uploads/2023/11/pexels-andrea-piacquadio-3769021-scaled-200x200.jpg]
[workscout.in/resume/christina-morillo/index.html]
[workscout.in/wp-content/themes/workscout/images/flags/fr.svg]
[workscout.in/wp-content/plugins/elementor/assets/lib/animations/animations.mind5d5.css]
[workscout.in/wp-content/themes/workscout/js/custom.minb413.js]
[workscout.in/home-5/index.html]
[workscout.in/wp-content/plugins/workscout-freelancer/assets/js/ajax.search.min5152.js]
[workscout.in/wp-content/uploads/elementor/css/post-5368ec06.css]
[workscout.in/wp-json/wp/v2/pages/5368.json]
[workscout.in/wp-json/oembed/1.0/embed29f1.json]
[workscout.in/wp-json/oembed/1.0/embed4f47]
[workscout.in/wp-content/uploads/2022/02/Selecting-team-bro.svg]
[workscout.in/resume-category/babysitter/index.html]
[workscout.in/home-6/index.html]
[workscout.in/wp-content/themes/workscout/js/custom.mine3e7.js]
[workscout.in/resume-category/construction-facilities/index.html]
[workscout.in/resume-category/web-software-it/index.html]
[workscout.in/wp-includes/css/dist/block-library/style.min109c.css]
[workscout.in/resume-category/management-finance/index.html]
[workscout.in/wp-json/wp/v2/pages/2871.json]
[workscout.in/wp-json/oembed/1.0/embed2090.json]
[workscout.in/wp-json/oembed/1.0/embedd58b]
[workscout.in/browse-jobs/index.html]
[workscout.in/wp-content/themes/workscout/js/custom.min319b.js]
[workscout.in/job/head-of-commercial-contracts/index.html]
[workscout.in/job/warehouse-operative/index.html]
[workscout.in/job/billing-support-specialist-job/index.html]
[workscout.in/wp-json/wp/v2/pages/22992.json]
[workscout.in/wp-json/oembed/1.0/embed8c1d.json]
[workscout.in/wp-json/oembed/1.0/embedb665]
[workscout.in/browse-jobs-full-page-layout/index.html]
[workscout.in/wp-content/themes/workscout/js/custom.mine6d1.js]
[workscout.in/job/store-counter-sales-and-parts-delivery/index.html]
[workscout.in/job/senior-manager-finance/index.html]
[workscout.in/job/senior-technician-trading-enterprise/index.html]
[workscout.in/job/senior-creative-developer/index.html]
[workscout.in/wp-json/wp/v2/pages/23012.json]
[workscout.in/wp-json/oembed/1.0/embede3fc.json]
[workscout.in/wp-json/oembed/1.0/embede3ce]
[workscout.in/browse-jobs-list-layout-sample/index.html]
[workscout.in/wp-content/themes/workscout/js/custom.min6bed.js]
[workscout.in/job/after-school-educator-and-recess-coach/index.html]
[workscout.in/wp-json/wp/v2/pages/8502.json]
[workscout.in/wp-json/oembed/1.0/embedc972.json]
[workscout.in/wp-json/oembed/1.0/embed1ddd]
[workscout.in/browse-jobs-without-map/index.html]
[workscout.in/wp-content/themes/workscout/js/custom.min1d63.js]
[workscout.in/wp-json/wp/v2/pages/18917.json]
[workscout.in/wp-json/oembed/1.0/embedf677.json]
[workscout.in/wp-json/oembed/1.0/embedd19f]
[workscout.in/browse-jobs-map/index.html]
[workscout.in/wp-content/themes/workscout/js/custom.min1821.js]
[workscout.in/wp-json/wp/v2/pages/27122.json]
[workscout.in/wp-json/oembed/1.0/embed7f58.json]
[workscout.in/wp-json/oembed/1.0/embed7a21]
[workscout.in/task-list-layout/index.html]
[workscout.in/wp-content/themes/workscout/js/custom.minb1e4.js]
[workscout.in/task/photographer-for-my-products-📸/index.html]
[workscout.in/task/drive-traffic-to-our-website/index.html]
[workscout.in/task/need-an-expert-digital-marketing-seo/index.html]
[workscout.in/task/fix-python-selenium-code/index.html]
[workscout.in/wp-json/wp/v2/pages/27126.json]
[workscout.in/wp-json/oembed/1.0/embed99ba.json]
[workscout.in/wp-json/oembed/1.0/embed536c]
[workscout.in/task-grid-layout/index.html]
[workscout.in/wp-content/themes/workscout/js/custom.min293e.js]
[workscout.in/wp-json/wp/v2/pages/27156.json]
[workscout.in/wp-json/oembed/1.0/embedaac8.json]
[workscout.in/wp-json/oembed/1.0/embeda537]
[workscout.in/tasks-full-page/index.html]
[workscout.in/wp-content/themes/workscout/js/custom.minc8a9.js]
[workscout.in/task/wordpress-theme-installation/index.html]
[workscout.in/companies/index.html]
[workscout.in/wp-content/themes/workscout/js/custom.min9cb3.js]
[workscout.in/companies/page/2/index.html]
[workscout.in/wp-content/uploads/revslider/home/banner-011.jpg]
[workscout.in/wp-content/uploads/elementor/css/post-2416b074.css]
[workscout.in/companies/feed/index.html]
[workscout.in/wp-json/wp/v2/pages/2416.json]
[workscout.in/wp-json/oembed/1.0/embedf283.json]
[workscout.in/wp-json/oembed/1.0/embed77fa]
[workscout.in/browse-categories/index.html]
[workscout.in/wp-content/themes/workscout/js/custom.min2c62.js]
[workscout.in/job-category/display-advertising/index.html]
[workscout.in/wp-content/cache/min/1/wp-content/plugins/wp-job-manager-resumes/assets/dist/css/resume-submissione47c.css]
[workscout.in/job-category/lead-generation/index.html]
[workscout.in/job-category/market-customer-research/index.html]
[workscout.in/job-category/email-marketing/index.html]
[workscout.in/job-category/marketing-strategy/index.html]
[workscout.in/job-category/animation/index.html]
[workscout.in/job-category/adobe-photoshop/index.html]
[workscout.in/job-category/design/index.html]
[workscout.in/wp-json/wp/v2/pages/13.json]
[workscout.in/job-category/graphic-design/index.html]
[workscout.in/job-category/logo-design/index.html]
[workscout.in/job-category/illustration/index.html]
[workscout.in/job-category/video/index.html]
[workscout.in/wp-json/oembed/1.0/embed7579.json]
[workscout.in/wp-json/oembed/1.0/embeddedc]
[workscout.in/submit-resume/index.html]
[workscout.in/wp-content/themes/workscout/js/custom.min7baf.js]
[workscout.in/my-profile/index.html]
[workscout.in/wp-json/wp/v2/pages/14.json]
[workscout.in/wp-json/oembed/1.0/embedc885.json]
[workscout.in/wp-json/oembed/1.0/embedfd86]
[workscout.in/candidate-dashboard/index.html]
[workscout.in/wp-content/themes/workscout/js/custom.minec79.js]
[workscout.in/wp-content/uploads/2023/11/man-office-scaled-e1700653116534-200x200.jpg]
[workscout.in/wp-content/uploads/2015/10/Untitled-11.png]
[workscout.in/wp-content/uploads/2023/11/pexels-italo-melo-2379004-scaled-e1700655050894-200x200.jpg]
[workscout.in/resume/paul-words/index.html]
[workscout.in/wp-content/themes/workscout/images/candidate.png]
[workscout.in/resumes/index.html]
[workscout.in/wp-content/themes/workscout/js/custom.min5e9d.js]
[workscout.in/resume/chris-perry/index.html]
[workscout.in/wp-json/wp/v2/pages/27452.json]
[workscout.in/wp-json/oembed/1.0/embed2ed2.json]
[workscout.in/wp-json/oembed/1.0/embede2b8]
[workscout.in/resumes-grid/index.html]
[workscout.in/wp-content/themes/workscout/js/custom.min9d23.js]
[workscout.in/wp-json/wp/v2/pages/27453.json]
[workscout.in/wp-json/oembed/1.0/embed8b5b.json]
[workscout.in/wp-json/oembed/1.0/embed568f]
[workscout.in/resumes-list/index.html]
[workscout.in/wp-content/themes/workscout/js/custom.min34ef.js]
[workscout.in/wp-json/wp/v2/pages/27454.json]
[workscout.in/wp-json/oembed/1.0/embed94d9.json]
[workscout.in/wp-json/oembed/1.0/embed7bc0]
[workscout.in/resumes-full-page/index.html]
[workscout.in/wp-content/themes/workscout/js/custom.minc6a0.js]
[workscout.in/wp-json/wp/v2/pages/18919.json]
[workscout.in/wp-json/oembed/1.0/embed04e5.json]
[workscout.in/wp-json/oembed/1.0/embed7030]
[workscout.in/browse-candidates/index.html]
[workscout.in/wp-content/themes/workscout/js/custom.min6d7f.js]
[workscout.in/wp-json/wp/v2/pages/2869.json]
[workscout.in/wp-json/oembed/1.0/embed98e2.json]
[workscout.in/wp-json/oembed/1.0/embed97aa]
[workscout.in/post-a-job/index.html]
[workscout.in/wp-content/themes/workscout/js/custom.min4cdb.js]
[workscout.in/wp-json/wp/v2/pages/24711.json]
[workscout.in/wp-json/oembed/1.0/embede388.json]
[workscout.in/wp-json/oembed/1.0/embedc7b8]
[workscout.in/submit-company/index.html]
[workscout.in/wp-content/themes/workscout/js/custom.mince49.js]
[workscout.in/wp-json/wp/v2/pages/2870.json]
[workscout.in/wp-json/oembed/1.0/embed3f3e.json]
[workscout.in/wp-json/oembed/1.0/embed4a37]
[workscout.in/manage-jobs/index.html]
[workscout.in/wp-content/themes/workscout/js/custom.min666f.js]
[workscout.in/wp-json/wp/v2/job-listings/2486.json]
[workscout.in/wp-json/oembed/1.0/embed299a.json]
[workscout.in/wp-json/oembed/1.0/embed982b]
[workscout.in/cdn-cgi/l/email-protection.html]
[workscout.in/wp-content/themes/workscout/js/custom.min3e68.js]
[workscout.in/job/grader-operator/index.html]
[workscout.in/wp-content/plugins/wp-job-manager/assets/dist/js/job-application76e8.js]
[workscout.in/company/moore-lc1bdmp97q/index.html]
[workscout.in/job/retail-store-driver/index.html]
[workscout.in/job/carpenters-plumbers-and-electricians-installers/index.html]
[workscout.in/wp-json/wp/v2/resumes/2403.json]
[workscout.in/resume/peter-waldow/feed/index.html]
[workscout.in/wp-json/oembed/1.0/embed54e0.json]
[workscout.in/wp-json/oembed/1.0/embed1aba]
[workscout.in/wp-content/uploads/2023/11/single-freelancer.jpg]
[workscout.in/wp-content/uploads/2023/11/female-web-designer-with-papers-notes-office.jpg]
[workscout.in/resume-region/frankfurt/index.html]
[workscout.in/wp-content/uploads/2023/11/programming-background-with-person-working-with-codes-computer.jpg]
[workscout.in/wp-content/uploads/2023/11/online-web-design.jpg]
[workscout.in/wp-content/uploads/2023/11/web-template-layout-draft-sketch.jpg]
[workscout.in/wp-content/uploads/2023/11/homepage-seen-computer-screen.jpg]
[workscout.in/wp-content/themes/workscout/js/custom.minbcbb.js]
[workscout.in/resume/peter-waldow/index.html]
[workscout.in/wp-includes/js/comment-reply.min109c.js]
[workscout.in/resume/peter-waldow/indexb63a.html]
[workscout.in/wp-json/wp/v2/task/27112.json]
[workscout.in/wp-json/oembed/1.0/embed4af4.json]
[workscout.in/wp-json/oembed/1.0/embed4059]
[workscout.in/wp-content/uploads/job-manager-uploads/task_file/2023/11/Project-Brief-3.pdf]
[workscout.in/wp-content/uploads/job-manager-uploads/task_file/2023/11/Project-Brief.pdf]
[workscout.in/wp-content/uploads/job-manager-uploads/task_file/2023/11/Project-Brief-2.pdf]
[workscout.in/wp-content/uploads/2024/09/Ronny-color-2.png]
[workscout.in/task-skill/android-app/index.html]
[workscout.in/wp-content/uploads/2022/01/user-profile-avatar-590x590-2.jpg]
[workscout.in/task-skill/ios-app/index.html]
[workscout.in/author/admin4/index.html]
[workscout.in/wp-content/uploads/2024/01/rnBVDu0svn.png]
[workscout.in/author/kamal/index.html]
[workscout.in/task/food-rtteo5ce8-food-delivery-mobile-application-dsffsd/index.html]
[workscout.in/wp-content/themes/workscout/js/custom.minbe9b.js]
[workscout.in/author/turunen-onni/index.html]
[workscout.in/author/deneme12/index.html]
[workscout.in/author/macnyoni/index.html]
[workscout.in/author/candidate/index.html]
[workscout.in/wp-content/uploads/2015/10/blog-post-03.jpg]
[workscout.in/author/timtimt/index.html]
[workscout.in/wp-content/uploads/2015/10/blog-post-02.jpg]
[workscout.in/author/pl/index.html]
[workscout.in/author/testuser123/index.html]
[workscout.in/author/employer/index.html]
[workscout.in/wp-content/uploads/2015/10/blog-post-01.jpg]
[workscout.in/blog/page/2/index.html]
[workscout.in/blog/index.html]
[workscout.in/wp-content/themes/workscout/js/custom.min2ca3.js]
[workscout.in/wp-content/uploads/elementor/css/post-278834aa5.css]
[workscout.in/wp-json/wp/v2/pages/27883.json]
[workscout.in/wp-json/oembed/1.0/embed4a36.json]
[workscout.in/wp-json/oembed/1.0/embed6ba1]
[workscout.in/faq/index.html]
[workscout.in/wp-content/themes/workscout/js/custom.min9145.js]
[workscout.in/wp-content/uploads/elementor/css/post-24112729.css]
[workscout.in/wp-content/cache/min/1/wp-content/plugins/elementor/assets/lib/font-awesome/css/brands.min0124.css]
[workscout.in/wp-json/wp/v2/pages/2411.json]
[workscout.in/wp-json/oembed/1.0/embed8c04.json]
[workscout.in/wp-json/oembed/1.0/embedda9a]
[workscout.in/wp-content/cache/min/1/wp-content/plugins/contact-form-7/includes/css/styles0124.css]
[workscout.in/wp-content/themes/workscout/js/custom.min0396.js]
[workscout.in/wp-content/plugins/contact-form-7/includes/swv/js/indexe2db.js]
[workscout.in/contact/index.html]
[workscout.in/wp-content/plugins/contact-form-7/includes/js/indexe2db.js]
[workscout.in/wp-content/plugins/web-font-social-icons/css/icons109c.css]
[workscout.in/wp-includes/css/dashicons.min109c.css]
[workscout.in/wp-content/plugins/mas-wp-job-manager-company-reviews/assets/css/mas-wp-job-manager-company-reviews109c.css]
[workscout.in/wp-content/plugins/wp-job-manager-alerts/assets/dist/css/frontend55a0.css]
[workscout.in/wp-content/plugins/wp-job-manager-alerts/assets/dist/css/frontend.default55a0.css]
[workscout.in/wp-content/plugins/wp-job-manager-tags/assets/dist/css/frontend5f04.css]
[workscout.in/wp-content/themes/workscout/css/icons109c.css]
[workscout.in/wp-content/themes/workscout/css/font-awesome.min53cf.css]
[workscout.in/wp-content/themes/workscout/style53cf.css]
[workscout.in/wp-json/wp/v2/pages/18884.json]
[workscout.in/wp-json/oembed/1.0/embed689f.json]
[workscout.in/wp-json/oembed/1.0/embedf9c0]
[workscout.in/wp-content/plugins/woocommerce/assets/client/blocks/wc-blocksda31.css]
[workscout.in/wp-content/plugins/wp-subscribe/assets/css/wp-subscribe-form109c.css]
[workscout.in/dashboard-page/index0ddc.html]
[workscout.in/wp-login1549.html]
[workscout.in/wp-content/themes/workscout/js/custom.mindb46.js]
[workscout.in/jobs/index.html]
[workscout.in/wp-content/themes/workscout/js/custom.min09fa.js]
[workscout.in/jobs/feed/index.html]
[workscout.in/wp-json/wp/v2/job-categories/122.json]
[workscout.in/job/program-finance-cost-accountant-job/index.html]
[workscout.in/job-category/accounting-finance/index.html]
[workscout.in/wp-content/themes/workscout/js/custom.min29aa.js]
[workscout.in/job-category/accounting-finance/feed/index.html]
[workscout.in/job-category/automotive-jobs/feed/index.html]
[workscout.in/wp-json/wp/v2/job-categories/124.json]
[workscout.in/job-category/automotive-jobs/index.html]
[workscout.in/wp-content/themes/workscout/js/custom.min7be4.js]
[workscout.in/job/moto-garage-breckenridge-colorado-2-entry-vehicle-maintenance-equipment-mechanic/index.html]
[workscout.in/wp-json/wp/v2/job-categories/132.json]
[workscout.in/job-category/construction-facilities/feed/index.html]
[workscout.in/job-category/construction-facilities/index.html]
[workscout.in/wp-content/themes/workscout/js/custom.min90ad.js]
[workscout.in/wp-json/wp/v2/job-categories/140.json]
[workscout.in/job-category/education-training/feed/index.html]
[workscout.in/wp-content/themes/workscout/js/custom.min681a.js]
[workscout.in/job/instructor-classroom-assistant/index.html]
[workscout.in/job-category/education-training/index.html]
[workscout.in/wp-content/plugins/wp-rocket/assets/js/lcp-beacon.min.js]
[workscout.in/wp-json/wp/v2/job-categories/157.json]
[workscout.in/job-category/restaurant-food-service/feed/index.html]
[workscout.in/job-category/restaurant-food-service/index.html]
[workscout.in/wp-content/themes/workscout/js/custom.mine749.js]
[workscout.in/job/restaurant-team-member-crew/index.html]
[workscout.in/wp-json/wp/v2/job-categories/146.json]
[workscout.in/job-category/healthcare/feed/index.html]
[workscout.in/job-category/healthcare/index.html]
[workscout.in/wp-content/themes/workscout/js/custom.min6e53.js]
[workscout.in/job/marketing-coordinator/index.html]
[workscout.in/wp-json/wp/v2/job-categories/159.json]
[workscout.in/job-category/sales-marketing/index.html]
[workscout.in/wp-content/themes/workscout/js/custom.min380f.js]
[workscout.in/job-category/sales-marketing/feed/index.html]
[workscout.in/wp-json/wp/v2/job-categories/165.json]
[workscout.in/job-category/telecommunications/index.html]
[workscout.in/wp-content/themes/workscout/js/custom.min3d05.js]
[workscout.in/job/satellite-tv-technicianinstaller/index.html]
[workscout.in/job-category/telecommunications/feed/index.html]
[workscout.in/wp-json/wp/v2/job-listings/2490.json]
[workscout.in/wp-json/oembed/1.0/embedb9fd.json]
[workscout.in/wp-json/oembed/1.0/embed75c8]
[workscout.in/job/senior-health-and-nutrition-advisor/index.html]
[workscout.in/wp-content/themes/workscout/js/custom.minc646.js]
[workscout.in/company/telimed-pege3i896-berlin/index.html]
[workscout.in/job-tag/healthcare/index.html]
[workscout.in/wp-json/wp/v2/job-listings/2489.json]
[workscout.in/wp-json/oembed/1.0/embed6f53.json]
[workscout.in/wp-json/oembed/1.0/embeddc29]
[workscout.in/job/restaurant-dishwasher/index.html]
[workscout.in/wp-content/themes/workscout/js/custom.min9e53.js]
[workscout.in/job-tag/food-service/index.html]
[workscout.in/job-tag/kitchen-hygiene/index.html]
[workscout.in/wp-json/wp/v2/job-listings/2487.json]
[workscout.in/wp-json/oembed/1.0/embed7717]
[workscout.in/index9678.html]
[workscout.in/wp-json/oembed/1.0/embedb2e0]
[workscout.in/job/social-media-and-public-relation-executive/index.html]
[workscout.in/wp-content/themes/workscout/js/custom.min01bd.js]
[workscout.in/job-tag/artificial-intelligence/index.html]
[workscout.in/job-tag/augmented-reality/index.html]
[workscout.in/job-tag/productivity/index.html]
[workscout.in/wp-json/wp/v2/job-listings/2484]
[workscout.in/job-tag/psychology/index.html]
[workscout.in/job-tag/social-media/index.html]
[workscout.in/index93cb.html]
[workscout.in/wp-json/oembed/1.0/embedfb44]
[workscout.in/wp-json/oembed/1.0/embedc6cf]
[workscout.in/job/telecommunication-systems-engineer/index.html]
[workscout.in/wp-content/themes/workscout/js/custom.min10aa.js]
[workscout.in/dashboard-page/index.html]
[workscout.in/wp-login0ddc.html]
[workscout.in/wp-content/plugins/elementor/assets/css/widget-icon-list.min.css]
[workscout.in/wp-content/themes/workscout/js/custom.min9fce.js]
[workscout.in/wp-json/wp/v2/posts/2396]
[workscout.in/2023/10/11-tips-to-help-you-get-new-clients-through-cold-calling/feed/index.html]
[workscout.in/wp-json/oembed/1.0/embed2e17]
[workscout.in/index4df4.html]
[workscout.in/wp-json/oembed/1.0/embed5ea4]
[workscout.in/wp-loginebc0.php]
[workscout.in/category/career-counseling/index.html]
[workscout.in/2023/10/11-tips-to-help-you-get-new-clients-through-cold-calling/index.html]
[workscout.in/wp-content/themes/workscout/js/custom.min1f4b.js]
[workscout.in/wp-json/wp/v2/posts/2394]
[workscout.in/2023/10/how-to-woo-a-recruiter-and-land-your-dream-job/feed/index.html]
[workscout.in/wp-json/oembed/1.0/embed3e9c]
[workscout.in/index4cb5.html]
[workscout.in/wp-json/oembed/1.0/embed0f68]
[workscout.in/wp-login3400.php]
[workscout.in/2023/10/how-to-woo-a-recruiter-and-land-your-dream-job/index.html]
[workscout.in/wp-content/themes/workscout/js/custom.min0015.js]
[workscout.in/category/developement/index.html]
[workscout.in/wp-json/wp/v2/posts/2391.1a9.delayed]
[workscout.in/2023/10/hey-job-seeker-its-time-to-get-up-and-get-hired/feed/index.html]
[workscout.in/wp-json/oembed/1.0/embede305]
[workscout.in/indexd309.html]
[workscout.in/wp-json/oembed/1.0/embedd2a3]
[workscout.in/wp-login5a67.php]
[workscout.in/2023/10/hey-job-seeker-its-time-to-get-up-and-get-hired/index.html]
[workscout.in/dashboard/index.html]
[workscout.in/2015/09/science-bookshelf-in-new-york/index.html]
[workscout.in/wp-content/themes/workscout/js/custom.minc71c.js]
[workscout.in/wp-json/wp/v2/pages/2421]
[workscout.in/wp-json/oembed/1.0/embeddbde]
[workscout.in/index8610.html]
[workscout.in/wp-json/oembed/1.0/embed3ba1]
[workscout.in/job-alerts/index.html]
[workscout.in/wp-content/themes/workscout/js/custom.mincaa1.js]
[workscout.in/wp-json/wp/v2/pages/2565]
[workscout.in/indexaec1.html]
[workscout.in/wp-json/oembed/1.0/embedf4f5]
[workscout.in/wp-json/oembed/1.0/embed3101]
[workscout.in/my-bookmarks/index.html]
[workscout.in/wp-content/themes/workscout/js/custom.mina391.js]
[workscout.in/wp-content/uploads/elementor/css/post-27895eef2.css]
[workscout.in/wp-json/wp/v2/pages/27895]
[workscout.in/wp-json/oembed/1.0/embed6681]
[workscout.in/index3aa1.html]
[workscout.in/wp-json/oembed/1.0/embedd18c]
[workscout.in/privacy-policy/index.html]
[workscout.in/wp-content/cache/min/1/wp-content/plugins/woocommerce/assets/client/blocks/wc-blocksdbcb.css]
[workscout.in/wp-content/cache/min/1/wp-content/plugins/wp-job-manager/assets/dist/css/uidbcb.css]
[workscout.in/wp-content/cache/min/1/wp-content/plugins/wp-subscribe/assets/css/wp-subscribe-form0503.css]
[workscout.in/wp-admin/admin-ajax.html]
[workscout.in/wp-content/plugins/web-font-social-icons/font/fontello0bee.svg]
[workscout.in/wp-content/themes/workscout/fonts/Brand-Icons036a.svg]
[workscout.in/wp-content/themes/workscout/fonts/Feather-Iconse198.svg]
[workscout.in/wp-content/themes/workscout/fonts/Material-Iconsb7df.svg]
[workscout.in/wp-content/themes/workscout/fonts/fontawesome-webfont3e6e.svg]
[workscout.in/wp-content/themes/workscout/images/close-ico.svg]
[workscout.in/wp-content/themes/workscout/images/alert_boxes_close_ico.html]
[workscout.in/wp-content/themes/workscout/fonts/fontello0bee.svg]
[workscout.in/wp-content/themes/workscout/images/layers.html]
[workscout.in/wp-content/themes/workscout/images/layers-2x.html]
[workscout.in/wp-content/themes/workscout/images/marker-icon.html]
[workscout.in/wp-content/themes/workscout/images/geocoder.html]
[workscout.in/wp-content/themes/workscout/images/throbber.html]
[workscout.in/wp-content/plugins/elementor/assets/lib/eicons/fonts/eiconsc63f.svg]
[workscout.in/wp-content/uploads/2022/02/wave-haikei2.svg]
[workscout.in/wp-content/themes/workscout/js/custom.min77b6.js]
[workscout.in/wp-content/plugins/elementor/assets/lib/font-awesome/webfonts/fa-solid-900.svg]
[workscout.in/wp-content/uploads/2022/02/stacked-waves-haikei-3.svg]
[workscout.in/wp-content/uploads/2022/02/Stocksy_txpb110eddbrxF300_Medium_2728556.jpg]
[workscout.in/wp-content/uploads/elementor/css/post-5657a1ce.css]
[workscout.in/index8b1f.html]
[workscout.in/wp-content/uploads/2022/02/wave-haikei6.svg]
[workscout.in/job-category/design-art-multimedia/feed/index.html]
[workscout.in/wp-json/wp/v2/job-categories/137.1bd.delayed]
[workscout.in/job-category/design-art-multimedia/index.html]
[workscout.in/wp-content/themes/workscout/js/custom.min63f7.js]
[workscout.in/wp-json/wp/v2/job-categories/180]
[workscout.in/job-category/public-relations/feed/index.html]
[workscout.in/job-category/public-relations/index.html]
[workscout.in/wp-content/themes/workscout/js/custom.min25a4.js]
[workscout.in/wp-json/wp/v2/job-categories/167]
[workscout.in/job-category/transportation-logistics/index.html]
[workscout.in/job-category/transportation-logistics/feed/index.html]
[workscout.in/wp-content/themes/workscout/js/custom.min1f40.js]
[workscout.in/company/king-lrawqefhs-london-uk/feed/index.html]
[workscout.in/wp-json/wp/v2/company/24721]
[workscout.in/wp-json/oembed/1.0/embed0233]
[workscout.in/indexf4df.html]
[workscout.in/wp-json/oembed/1.0/embed75cd]
[workscout.in/wp-content/uploads/job-manager-uploads/header_image/2021/11/photo-1556761175-4b46a572b786-3.jpg]
[workscout.in/wp-login2541.php]
[workscout.in/company/king-lrawqefhs-london-uk/index.html]
[workscout.in/wp-content/themes/workscout/js/custom.mind118.js]
[workscout.in/company/tech-98mevlhn-new-york-usa/feed/index.html]
[workscout.in/wp-json/wp/v2/company/24724]
[workscout.in/wp-json/oembed/1.0/embed8eff]
[workscout.in/indexcaae.html]
[workscout.in/wp-json/oembed/1.0/embed16f8]
[workscout.in/wp-loginfdaa.php]
[workscout.in/company/tech-98mevlhn-new-york-usa/index.html]
[workscout.in/wp-content/themes/workscout/js/custom.mind291.js]
[workscout.in/wp-json/wp/v2/company/24728]
[workscout.in/company/purethemes-e7zikjph-dublin-ireland/feed/index.html]
[workscout.in/wp-json/oembed/1.0/embed88ec]
[workscout.in/indexad76.html]
[workscout.in/wp-json/oembed/1.0/embed82d7]
[workscout.in/wp-content/uploads/job-manager-uploads/header_image/2021/11/mb.jpg]
[workscout.in/wp-content/themes/workscout/images/flags/pl.svg]
[workscout.in/wp-loginecd8.php]
[workscout.in/company/purethemes-e7zikjph-dublin-ireland/index.html]
[workscout.in/wp-content/themes/workscout/js/custom.minbd90.js]
[workscout.in/wp-json/wp/v2/job_listing_region/1850.1d5.delayed]
[workscout.in/job-region/los-angeles/feed/index.html]
[workscout.in/job-region/los-angeles/index.html]
[workscout.in/wp-content/themes/workscout/js/custom.min16e8.js]
[workscout.in/wp-json/wp/v2/job_listing_region/1849]
[workscout.in/job-region/miami/feed/index.html]
[workscout.in/job-region/miami/index.html]
[workscout.in/wp-content/themes/workscout/js/custom.mine08f.js]
[workscout.in/wp-json/wp/v2/job_listing_region/1848]
[workscout.in/job-region/san-francisco/feed/index.html]
[workscout.in/job-region/san-francisco/index.html]
[workscout.in/wp-content/themes/workscout/js/custom.minee36.js]
[workscout.in/wp-json/wp/v2/job_listing_region/1847]
[workscout.in/job-region/new-york/feed/index.html]
[workscout.in/job-region/new-york/index.html]
[workscout.in/wp-content/uploads/2022/02/bg.svg]
[workscout.in/wp-content/uploads/elementor/css/post-22274ed33.css]
[workscout.in/indexb166.html]
[workscout.in/wp-content/themes/workscout/js/custom.min2822.js]
[workscout.in/wp-json/wp/v2/job-listings/2483]
[workscout.in/indexf14d.html]
[workscout.in/wp-json/oembed/1.0/embed6d9d]
[workscout.in/wp-json/oembed/1.0/embed062b]
[workscout.in/job/motor-vehicle-technician/index.html]
[workscout.in/wp-content/uploads/elementor/css/post-2646c2ea.css]
[workscout.in/index6c65.html]
[workscout.in/wp-content/themes/workscout/js/custom.mina949.js]
[workscout.in/wp-json/wp/v2/company/24723]
[workscout.in/company/coffee-1h2mqsl-warsaw-poland/feed/index.html]
[workscout.in/wp-json/oembed/1.0/embed0b0a]
[workscout.in/indexfedc.html]
[workscout.in/wp-json/oembed/1.0/embed594a]
[workscout.in/wp-content/uploads/job-manager-uploads/header_image/2021/11/cofe.jpg]
[workscout.in/wp-loginebd7.php]
[workscout.in/company/coffee-1h2mqsl-warsaw-poland/index.html]
[workscout.in/wp-content/uploads/2022/02/Interview-bro.svg]
[workscout.in/wp-content/themes/workscout/js/custom.mina34b.js]
[workscout.in/wp-json/wp/v2/resumes/2539]
[workscout.in/wp-json/oembed/1.0/embed69a8]
[workscout.in/index36c4.html]
[workscout.in/wp-json/oembed/1.0/embed3a6a]
[workscout.in/wp-content/uploads/2023/11/pexels-photo-7279706-1.jpg]
[workscout.in/wp-content/uploads/2023/11/pexels-italo-melo-2379004-scaled-e1700655050894-590x590.jpg]
[workscout.in/resume-region/los-angeles/index.html]
[workscout.in/wp-content/uploads/2023/11/map-lying-wooden-table.jpg]
[workscout.in/wp-content/uploads/2023/11/media-marketing-internet-digital-global.jpg]
[workscout.in/resume/lucas-harris/indexbc84.html]
[workscout.in/resume/lucas-harris/index.html]
[workscout.in/wp-content/themes/workscout/js/custom.min79de.js]
[workscout.in/wp-content/uploads/elementor/css/post-259759fb.css]
[workscout.in/index2565.html]
[workscout.in/wp-content/uploads/2023/11/Rect-Light-1.svg]
[workscout.in/wp-json/wp/v2/task_category/2877]
[workscout.in/task-category/web-development/feed/index.html]
[workscout.in/task-category/web-development/index.html]
[workscout.in/wp-content/themes/workscout/js/custom.min384c.js]
[workscout.in/wp-json/wp/v2/task_category/2884]
[workscout.in/task-category/marketing/feed/index.html]
[workscout.in/task-category/marketing/index.html]
[workscout.in/wp-content/themes/workscout/js/custom.min514e.js]
[workscout.in/task-category/mobile-apps/feed/index.html]
[workscout.in/wp-json/wp/v2/task_category/2885]
[workscout.in/task-category/mobile-apps/index.html]
[workscout.in/wp-content/themes/workscout/js/custom.min9230.js]
[workscout.in/wp-json/wp/v2/task_category/2888]
[workscout.in/task-category/copywriting/feed/index.html]
[workscout.in/task-category/copywriting/index.html]
[workscout.in/wp-content/themes/workscout/images/flags/de.svg]
[workscout.in/wp-content/themes/workscout/js/custom.min509c.js]
[workscout.in/resume/george-4oolif6-visual-identity-designer-london/feed/index.html]
[workscout.in/wp-json/wp/v2/resumes/27140]
[workscout.in/wp-json/oembed/1.0/embed5797]
[workscout.in/indexccbc.html]
[workscout.in/wp-json/oembed/1.0/embed71a4]
[workscout.in/wp-content/uploads/2023/11/idea-editing-program-application-interface-concept.jpg]
[workscout.in/resume-region/chicago/index.html]
[workscout.in/wp-content/uploads/2023/11/design-creativity-outline-plan-objective-concept.jpg]
[workscout.in/wp-content/uploads/2023/11/logo-be-creative-inspiration-design-concept.jpg]
[workscout.in/wp-content/uploads/2023/11/hands-male-graphic-designer-using-laptop.jpg]
[workscout.in/wp-content/uploads/2023/11/young-female-logo-designer-working-graphic-tablet.jpg]
[workscout.in/resume/george-4oolif6-visual-identity-designer-london/index.html]
[workscout.in/wp-content/themes/workscout/images/flags/gb.svg]
[workscout.in/wp-content/themes/workscout/js/custom.minca2c.js]
[workscout.in/resume/george-4oolif6-visual-identity-designer-london/index3192.html]
[workscout.in/wp-json/wp/v2/task_category/2891]
[workscout.in/task-category/childcare/feed/index.html]
[workscout.in/task-category/childcare/index.html]
[workscout.in/wp-content/themes/workscout/js/custom.minc4ad.js]
[workscout.in/wp-json/wp/v2/task_category/2896]
[workscout.in/task-category/photography/feed/index.html]
[workscout.in/task-category/photography/index.html]
[workscout.in/wp-content/plugins/elementor/assets/css/widget-icon-box.min.css]
[workscout.in/wp-content/themes/workscout/js/custom.minc86b.js]
[workscout.in/wp-json/wp/v2/task/27620]
[workscout.in/wp-json/oembed/1.0/embed1087]
[workscout.in/index1917.html]
[workscout.in/wp-json/oembed/1.0/embed96e2]
[workscout.in/wp-content/uploads/2024/01/Project-Brief.pdf]
[workscout.in/wp-content/uploads/2023/11/pexels-italo-melo-2379004-scaled-e1700655050894.jpg]
[workscout.in/task-skill/games-development/index.html]
[workscout.in/wp-content/plugins/workscout-freelancer/assets/images/flags/us.svg]
[workscout.in/author/candidate575/index.html]
[workscout.in/wp-content/plugins/workscout-freelancer/assets/images/flags/gb.svg]
[workscout.in/task/game-developer-wanted/index.html]
[workscout.in/wp-content/themes/workscout/js/custom.minbe40.js]
[workscout.in/wp-json/wp/v2/task/27612]
[workscout.in/wp-json/oembed/1.0/embed5fcc]
[workscout.in/index5734.html]
[workscout.in/wp-json/oembed/1.0/embeda4ee]
[workscout.in/task/babysitter-wanted/index.html]
[workscout.in/wp-content/themes/workscout/js/custom.min7870.js]
[workscout.in/task-skill/babysitting/index.html]
[workscout.in/author/ratan/index.html]
[workscout.in/task-skill/childcare/index.html]
[workscout.in/wp-json/wp/v2/task/27611]
[workscout.in/task/translating-15000-words-from-english-to-german/feed/index.html]
[workscout.in/wp-json/oembed/1.0/embed6076]
[workscout.in/indexa232.html]
[workscout.in/wp-json/oembed/1.0/embed7817]
[workscout.in/task/translating-15000-words-from-english-to-german/index.html]
[workscout.in/wp-content/themes/workscout/js/custom.mincbcc.js]
[workscout.in/company/hexagon-t1xrqrmhy/index.html]
[workscout.in/task-skill/language/index.html]
[workscout.in/task-skill/translating/index.html]
[workscout.in/wp-json/wp/v2/resumes/2546]
[workscout.in/wp-json/oembed/1.0/embedfc0d]
[workscout.in/indexdda9.html]
[workscout.in/wp-json/oembed/1.0/embed1349]
[workscout.in/resume/david-moore/index.html]
[workscout.in/wp-content/themes/workscout/images/flags/ca.svg]
[workscout.in/wp-content/themes/workscout/js/custom.minfd5b.js]
[workscout.in/resume-region/ottawa/index.html]
[workscout.in/resume/david-moore/index0a2d.html]
[workscout.in/wp-json/wp/v2/resumes/2545]
[workscout.in/wp-json/oembed/1.0/embed2132]
[workscout.in/index58f6.html]
[workscout.in/wp-json/oembed/1.0/embedc395]
[workscout.in/wp-content/uploads/2023/11/linkedin-sales-solutions-pAtA8xe_iVM-unsplash-e1700651692628-590x590.jpg]
[workscout.in/resume/mike-jackson/index.html]
[workscout.in/wp-content/themes/workscout/images/flags/us.svg]
[workscout.in/wp-content/themes/workscout/js/custom.min1927.js]
[workscout.in/wp-json/wp/v2/resumes/2541]
[workscout.in/wp-json/oembed/1.0/embed29c8]
[workscout.in/indexf3cd.html]
[workscout.in/wp-json/oembed/1.0/embedafb0]
[workscout.in/wp-content/uploads/2023/11/pexels-andrea-piacquadio-3769021-scaled-590x590.jpg]
[workscout.in/wp-content/uploads/2023/11/gautam-arora-OVDtgUhUPBY-unsplash.jpg]
[workscout.in/resume-region/paris/index.html]
[workscout.in/wp-content/uploads/2023/11/jason-sung-xH04gkmk1sg-unsplash.jpg]
[workscout.in/resume/christina-morillo/index.html]
[workscout.in/wp-content/themes/workscout/images/flags/fr.svg]
[workscout.in/wp-content/plugins/elementor/assets/lib/animations/animations.mind5d5.css]
[workscout.in/wp-content/uploads/elementor/css/post-5368ec06.css]
[workscout.in/indexc89a.html]
[workscout.in/resume/christina-morillo/index2e87.html]
[workscout.in/wp-json/wp/v2/resume-categories/125]
[workscout.in/resume-category/babysitter/feed/index.html]
[workscout.in/resume-category/babysitter/index.html]
[workscout.in/wp-content/themes/workscout/js/custom.mina130.js]
[workscout.in/wp-json/wp/v2/resume-categories/133]
[workscout.in/resume-category/construction-facilities/feed/index.html]
[workscout.in/resume-category/construction-facilities/index.html]
[workscout.in/wp-content/themes/workscout/js/custom.mina2a3.js]
[workscout.in/wp-json/wp/v2/resume-categories/152]
[workscout.in/resume-category/management-finance/feed/index.html]
[workscout.in/resume-category/management-finance/index.html]
[workscout.in/wp-content/themes/workscout/js/custom.min4e20.js]
[workscout.in/wp-json/wp/v2/resume-categories/169]
[workscout.in/resume-category/web-software-it/feed/index.html]
[workscout.in/resume-category/web-software-it/index.html]
[workscout.in/wp-content/uploads/2022/02/Selecting-team-bro.svg]
[workscout.in/wp-includes/css/dist/block-library/style.min109c.css]
[workscout.in/index9e46.html]
[workscout.in/wp-content/themes/workscout/js/custom.min83bf.js]
[workscout.in/wp-json/wp/v2/job-listings/2485]
[workscout.in/wp-json/oembed/1.0/embed4717]
[workscout.in/indexdd6f.html]
[workscout.in/wp-json/oembed/1.0/embedd7d9]
[workscout.in/job/head-of-commercial-contracts/index.html]
[workscout.in/wp-content/themes/workscout/js/custom.mind2d1.js]
[workscout.in/company/cubico-dchotbxicr/index.html]
[workscout.in/wp-json/wp/v2/job-listings/2481]
[workscout.in/wp-json/oembed/1.0/embed8b2a]
[workscout.in/index2364.html]
[workscout.in/wp-json/oembed/1.0/embed48ab]
[workscout.in/job/warehouse-operative/index.html]
[workscout.in/wp-content/themes/workscout/js/custom.mina1c7.js]
[workscout.in/wp-json/wp/v2/job-listings/2480]
[workscout.in/wp-json/oembed/1.0/embed741f]
[workscout.in/index2216.html]
[workscout.in/wp-json/oembed/1.0/embed04f0]
[workscout.in/job/billing-support-specialist-job/index.html]
[workscout.in/index80ed.html]
[workscout.in/wp-content/themes/workscout/js/custom.min4a5b.js]
[workscout.in/wp-json/wp/v2/job-listings/2469]
[workscout.in/wp-json/oembed/1.0/embed3f1d]
[workscout.in/index661b.html]
[workscout.in/wp-json/oembed/1.0/embede7b7]
[workscout.in/job/store-counter-sales-and-parts-delivery/index.html]
[workscout.in/wp-content/themes/workscout/js/custom.minc74c.js]
[workscout.in/wp-json/wp/v2/job-listings/2482]
[workscout.in/wp-json/oembed/1.0/embed0910]
[workscout.in/index3edb.html]
[workscout.in/wp-json/oembed/1.0/embed06af]
[workscout.in/job/senior-technician-trading-enterprise/index.html]
[workscout.in/wp-content/themes/workscout/js/custom.minc72e.js]
[workscout.in/wp-json/wp/v2/job-listings/2472]
[workscout.in/wp-json/oembed/1.0/embed405d]
[workscout.in/index65ff.html]
[workscout.in/wp-json/oembed/1.0/embed8920]
[workscout.in/job/senior-manager-finance/index.html]
[workscout.in/wp-content/themes/workscout/js/custom.min320c.js]
[workscout.in/wp-json/wp/v2/job-listings/2432]
[workscout.in/index0354.html]
[workscout.in/wp-json/oembed/1.0/embed50f9]
[workscout.in/wp-json/oembed/1.0/embed7350]
[workscout.in/job/senior-creative-developer/index.html]
[workscout.in/indexfef6.html]
[workscout.in/wp-content/themes/workscout/js/custom.minec29.js]
[workscout.in/wp-json/wp/v2/job-listings/2478]
[workscout.in/wp-json/oembed/1.0/embedbaab]
[workscout.in/indexbcfa.html]
[workscout.in/wp-json/oembed/1.0/embed750d]
[workscout.in/job/after-school-educator-and-recess-coach/index.html]
[workscout.in/indexd49f.html]
[workscout.in/index31bf.html]
[workscout.in/index5957.html]
[workscout.in/wp-content/themes/workscout/js/custom.min89da.js]
[workscout.in/wp-json/wp/v2/task/27609]
[workscout.in/task/drive-traffic-to-our-website/feed/index.html]
[workscout.in/wp-json/oembed/1.0/embedc8cb]
[workscout.in/index534d.html]
[workscout.in/wp-json/oembed/1.0/embed92a4]
[workscout.in/wp-content/uploads/2023/11/Project-Brief.pdf]
[workscout.in/task/drive-traffic-to-our-website/index.html]
[workscout.in/task/photographer-for-my-products-📸/index.html]
[workscout.in/wp-content/themes/workscout/js/custom.min3378.js]
[workscout.in/task-skill/internet-marketing/index.html]
[workscout.in/task-skill/wordpress/index.html]
[workscout.in/task-skill/social-media/index.html]
[workscout.in/author/emy/index.html]
[workscout.in/wp-json/wp/v2/task/27168]
[workscout.in/task/need-an-expert-digital-marketing-seo/feed/index.html]
[workscout.in/wp-json/oembed/1.0/embed85e4]
[workscout.in/indexee8a.html]
[workscout.in/wp-json/oembed/1.0/embede810]
[workscout.in/task/need-an-expert-digital-marketing-seo/index.html]
[workscout.in/wp-content/themes/workscout/js/custom.mind4da.js]
[workscout.in/task-skill/seo/index.html]
[workscout.in/wp-json/wp/v2/task/27174]
[workscout.in/index107b.html]
[workscout.in/wp-json/oembed/1.0/embedbf1e]
[workscout.in/wp-json/oembed/1.0/embed5294]
[workscout.in/task/fix-python-selenium-code/index.html]
[workscout.in/indexbdc1.html]
[workscout.in/index72e5.html]
[workscout.in/wp-content/themes/workscout/js/custom.mincf48.js]
[workscout.in/task-skill/python/index.html]
[workscout.in/task-skill/selenium/index.html]
[workscout.in/wp-json/wp/v2/task/27183]
[workscout.in/task/wordpress-theme-installation/feed/index.html]
[workscout.in/wp-json/oembed/1.0/embed1365]
[workscout.in/index3505.html]
[workscout.in/wp-json/oembed/1.0/embeda489]
[workscout.in/task/wordpress-theme-installation/index.html]
[workscout.in/task-skill/java-script/index.html]
[workscout.in/wp-content/themes/workscout/js/custom.mincf66.js]
[workscout.in/wp-content/uploads/job-manager-uploads/company_logo/2021/11/company-logo-06.png]
[workscout.in/task-skill/php/index.html]
[workscout.in/companies/page/2/index.html]
[workscout.in/wp-content/uploads/elementor/css/post-2416b074.css]
[workscout.in/index1d38.html]
[workscout.in/wp-content/themes/workscout/js/custom.minfd91.js]
[workscout.in/companies/page/1/index.html]
[workscout.in/wp-json/wp/v2/job-categories/175]
[workscout.in/job-category/display-advertising/feed/index.html]
[workscout.in/job-category/display-advertising/index.html]
[workscout.in/wp-content/themes/workscout/js/custom.min549b.js]
[workscout.in/wp-json/wp/v2/job-categories/176]
[workscout.in/job-category/email-marketing/feed/index.html]
[workscout.in/job-category/email-marketing/index.html]
[workscout.in/wp-content/themes/workscout/js/custom.mincbf6.js]
[workscout.in/wp-json/wp/v2/job-categories/177]
[workscout.in/job-category/lead-generation/feed/index.html]
[workscout.in/job-category/lead-generation/index.html]
[workscout.in/wp-content/themes/workscout/js/custom.min80e4.js]
[workscout.in/wp-json/wp/v2/job-categories/178]
[workscout.in/job-category/market-customer-research/feed/index.html]
[workscout.in/job-category/market-customer-research/index.html]
[workscout.in/wp-content/themes/workscout/js/custom.minecf7.js]
[workscout.in/wp-json/wp/v2/job-categories/179]
[workscout.in/job-category/marketing-strategy/feed/index.html]
[workscout.in/job-category/marketing-strategy/index.html]
[workscout.in/wp-content/themes/workscout/js/custom.minc4f9.js]
[workscout.in/job-category/adobe-photoshop/feed/index.html]
[workscout.in/wp-json/wp/v2/job-categories/172]
[workscout.in/job-category/adobe-photoshop/index.html]
[workscout.in/wp-content/themes/workscout/js/custom.minf3b2.js]
[workscout.in/wp-json/wp/v2/job-categories/173]
[workscout.in/job-category/animation/feed/index.html]
[workscout.in/job-category/animation/index.html]
[workscout.in/wp-content/themes/workscout/js/custom.minef27.js]
[workscout.in/wp-json/wp/v2/job-categories/174]
[workscout.in/job-category/design/feed/index.html]
[workscout.in/job-category/design/index.html]
[workscout.in/wp-content/themes/workscout/js/custom.minc2a6.js]
[workscout.in/wp-json/wp/v2/job-categories/145]
[workscout.in/job-category/graphic-design/feed/index.html]
[workscout.in/job-category/graphic-design/index.html]
[workscout.in/wp-content/themes/workscout/js/custom.minefe2.js]
[workscout.in/wp-json/wp/v2/job-categories/147]
[workscout.in/job-category/illustration/feed/index.html]
[workscout.in/job-category/illustration/index.html]
[workscout.in/wp-content/themes/workscout/js/custom.min43ef.js]
[workscout.in/wp-json/wp/v2/job-categories/150]
[workscout.in/job-category/logo-design/feed/index.html]
[workscout.in/job-category/logo-design/index.html]
[workscout.in/wp-content/themes/workscout/js/custom.min27a5.js]
[workscout.in/job-category/video/feed/index.html]
[workscout.in/wp-json/wp/v2/job-categories/168]
[workscout.in/job-category/video/index.html]
[workscout.in/wp-content/cache/min/1/wp-content/plugins/wp-job-manager-resumes/assets/dist/css/resume-submissione47c.css]
[workscout.in/index2dc4.html]
[workscout.in/wp-content/themes/workscout/js/custom.min58a8.js]
[workscout.in/wp-json/wp/v2/pages/18886]
[workscout.in/wp-json/oembed/1.0/embed02a8]
[workscout.in/indexac08.html]
[workscout.in/wp-json/oembed/1.0/embed0820]
[workscout.in/my-profile/index.html]
[workscout.in/index0b69.html]
[workscout.in/resumes/indexd784.html]
[workscout.in/wp-content/themes/workscout/js/custom.min0610.js]
[workscout.in/resumes/feed/index.html]
[workscout.in/wp-json/wp/v2/resumes/2537]
[workscout.in/wp-json/oembed/1.0/embedeea4]
[workscout.in/indexb426.html]
[workscout.in/wp-json/oembed/1.0/embed03e6]
[workscout.in/resume/paul-words/index.html]
[workscout.in/wp-content/themes/workscout/js/custom.mind5eb.js]
[workscout.in/resume-region/houston/index.html]
[workscout.in/wp-json/wp/v2/resumes/2544]
[workscout.in/wp-json/oembed/1.0/embed00ff]
[workscout.in/index16e3.html]
[workscout.in/wp-json/oembed/1.0/embed1f96]
[workscout.in/resume/chris-perry/index.html]
[workscout.in/index0c2b.html]
[workscout.in/index78ad.html]
[workscout.in/index5094.html]
[workscout.in/index9f14.html]
[workscout.in/index28f0.html]
[workscout.in/index38f7.html]
[workscout.in/index10bc.html]
[workscout.in/index7ed5.html]
[workscout.in/wp-content/themes/workscout/js/custom.min8845.js]
[workscout.in/resume-region/new-york/index.html]
[workscout.in/wp-json/wp/v2/company/24725]
[workscout.in/company/moore-lc1bdmp97q/feed/index.html]
[workscout.in/wp-json/oembed/1.0/embed69e9]
[workscout.in/indexfa04.html]
[workscout.in/wp-json/oembed/1.0/embed3105]
[workscout.in/wp-logindffa.php]
[workscout.in/company/moore-lc1bdmp97q/index.html]
[workscout.in/cdn-cgi/l/email-protection.html]
[workscout.in/wp-content/themes/workscout/js/custom.mine75f.js]
[workscout.in/wp-json/wp/v2/job-listings/2475]
[workscout.in/wp-json/oembed/1.0/embed257d]
[workscout.in/wp-json/oembed/1.0/embed5f39]
[workscout.in/index8328.html]
[workscout.in/job/retail-store-driver/index.html]
[workscout.in/wp-content/themes/workscout/js/custom.min2744.js]
[workscout.in/wp-json/wp/v2/job-listings/2473]
[workscout.in/wp-json/oembed/1.0/embeda368]
[workscout.in/indexc60b.html]
[workscout.in/wp-json/oembed/1.0/embed054c]
[workscout.in/job/carpenters-plumbers-and-electricians-installers/index.html]
[workscout.in/resume/peter-waldow/feed/index.html]
[workscout.in/index3d33.html]
[workscout.in/wp-content/themes/workscout/js/custom.min6a62.js]
[workscout.in/wp-json/wp/v2/resume_region/2904]
[workscout.in/resume-region/frankfurt/feed/index.html]
[workscout.in/resume-region/frankfurt/index.html]
[workscout.in/wp-content/themes/workscout/js/custom.mine54a.js]
[workscout.in/resume/peter-waldow/indexb63a.html]
[workscout.in/indexd01f.html]
[workscout.in/wp-content/themes/workscout/js/custom.mine59c.js]
[workscout.in/wp-json/wp/v2/task_skill/2886]
[workscout.in/task-skill/android-app/feed/index.html]
[workscout.in/task-skill/android-app/index.html]
[workscout.in/wp-content/themes/workscout/js/custom.minb8dd.js]
[workscout.in/wp-json/wp/v2/task_skill/2887]
[workscout.in/task-skill/ios-app/feed/index.html]
[workscout.in/task-skill/ios-app/index.html]
[workscout.in/wp-content/themes/workscout/js/custom.mind94a.js]
[workscout.in/wp-json/wp/v2/users/22386]
[workscout.in/author/admin4/feed/index.html]
[workscout.in/author/admin4/index.html]
[workscout.in/wp-content/themes/workscout/js/custom.min8ca6.js]
[workscout.in/author/kamal/feed/index.html]
[workscout.in/wp-json/wp/v2/users/22332.299.delayed]
[workscout.in/author/kamal/index.html]
[workscout.in/wp-content/themes/workscout/js/custom.min9d96.js]
[workscout.in/wp-json/wp/v2/users/22373]
[workscout.in/author/deneme12/index.html]
[workscout.in/author/deneme12/feed/index.html]
[workscout.in/wp-content/themes/workscout/js/custom.minf0af.js]
[workscout.in/author/turunen-onni/feed/index.html]
[workscout.in/wp-json/wp/v2/users/22350.29d.delayed]
[workscout.in/author/turunen-onni/index.html]
[workscout.in/wp-content/themes/workscout/js/custom.min6f6e.js]
[workscout.in/wp-json/wp/v2/users/22344]
[workscout.in/author/macnyoni/feed/index.html]
[workscout.in/author/macnyoni/index.html]
[workscout.in/wp-content/themes/workscout/js/custom.mind204.js]
[workscout.in/wp-json/wp/v2/users/21522]
[workscout.in/author/candidate/feed/index.html]
[workscout.in/author/candidate/index.html]
[workscout.in/wp-content/themes/workscout/js/custom.min94a5.js]
[workscout.in/wp-json/wp/v2/users/22285]
[workscout.in/author/timtimt/feed/index.html]
[workscout.in/author/timtimt/index.html]
[workscout.in/wp-content/themes/workscout/js/custom.minfb4c.js]
[workscout.in/wp-json/wp/v2/users/22269]
[workscout.in/author/pl/feed/index.html]
[workscout.in/author/pl/index.html]
[workscout.in/wp-content/themes/workscout/js/custom.min426c.js]
[workscout.in/wp-json/wp/v2/users/22264]
[workscout.in/author/testuser123/feed/index.html]
[workscout.in/author/testuser123/index.html]
[workscout.in/wp-content/themes/workscout/js/custom.min54d5.js]
[workscout.in/wp-json/wp/v2/users/21523]
[workscout.in/author/employer/feed/index.html]
[workscout.in/author/employer/index.html]
[workscout.in/wp-content/themes/workscout/js/custom.min1c68.js]
[workscout.in/wp-content/uploads/2022/02/olga-serjantu-tqkDGqPW8Vo-unsplash-1-640x430.jpg]
[workscout.in/blog/page/2/index.html]
[workscout.in/wp-content/uploads/elementor/css/post-278834aa5.css]
[workscout.in/indexa7ff.html]
[workscout.in/wp-content/uploads/elementor/css/post-24112729.css]
[workscout.in/wp-content/themes/workscout/js/custom.min57fd.js]
[workscout.in/wp-content/plugins/elementor/assets/lib/font-awesome/webfonts/fa-brands-400.eot]
[workscout.in/wp-content/plugins/elementor/assets/lib/font-awesome/webfonts/fa-brands-400d41d.eot]
[workscout.in/wp-content/plugins/elementor/assets/lib/font-awesome/webfonts/fa-brands-400.woff2]
[workscout.in/wp-content/plugins/elementor/assets/lib/font-awesome/webfonts/fa-brands-400.woff]
[workscout.in/wp-content/plugins/elementor/assets/lib/font-awesome/webfonts/fa-brands-400.ttf]
[workscout.in/wp-content/cache/min/1/wp-content/plugins/elementor/assets/lib/font-awesome/css/brands.min0124.css]
[workscout.in/index1e58.html]
[workscout.in/wp-content/cache/min/1/wp-content/plugins/contact-form-7/includes/css/styles0124.css]
[workscout.in/wp-content/plugins/web-font-social-icons/css/icons109c.css]
[workscout.in/wp-content/plugins/elementor/assets/lib/font-awesome/webfonts/fa-brands-400.svg]
[workscout.in/wp-includes/fonts/dashicons7d4b.ttf]
[workscout.in/wp-includes/css/dashicons.min109c.css]
[workscout.in/wp-content/plugins/mas-wp-job-manager-company-reviews/assets/css/mas-wp-job-manager-company-reviews109c.css]
[workscout.in/wp-content/plugins/wp-job-manager-alerts/assets/dist/css/frontend55a0.css]
[workscout.in/wp-content/plugins/wp-job-manager-alerts/assets/dist/css/frontend.default55a0.css]
[workscout.in/wp-content/plugins/wp-job-manager-tags/assets/dist/css/frontend5f04.css]
[workscout.in/wp-content/themes/workscout/css/icons109c.css]
[workscout.in/wp-content/themes/workscout/css/font-awesome.min53cf.css]
[workscout.in/wp-content/themes/workscout/images/filters.svg]
[workscout.in/wp-content/themes/workscout/style53cf.css]
[workscout.in/indexde10.html]
[workscout.in/wp-content/plugins/woocommerce/assets/client/blocks/wc-blocksda31.css]
[workscout.in/wp-content/plugins/wp-subscribe/assets/css/wp-subscribe-form109c.css]
[workscout.in/wp-content/themes/workscout/images/close.svg]
[workscout.in/wp-json/wp/v2/job-listings/2470]
[workscout.in/wp-json/oembed/1.0/embed1a04]
[workscout.in/index48aa.html]
[workscout.in/wp-json/oembed/1.0/embedce37]
[workscout.in/job/program-finance-cost-accountant-job/index.html]
[workscout.in/wp-content/themes/workscout/js/custom.min7348.js]
[workscout.in/wp-json/wp/v2/job-listings/2461]
[workscout.in/wp-json/oembed/1.0/embed25af]
[workscout.in/indexcd86.html]
[workscout.in/wp-json/oembed/1.0/embedc9f8]
[workscout.in/job/moto-garage-breckenridge-colorado-2-entry-vehicle-maintenance-equipment-mechanic/index.html]
[workscout.in/wp-content/themes/workscout/js/custom.min9bdb.js]
[workscout.in/wp-json/wp/v2/job-listings/2477]
[workscout.in/index9276.html]
[workscout.in/wp-json/oembed/1.0/embeddc61]
[workscout.in/wp-json/oembed/1.0/embedcd53]
[workscout.in/job/instructor-classroom-assistant/index.html]
[workscout.in/wp-content/themes/workscout/js/custom.mind893.js]
[workscout.in/wp-content/uploads/2015/10/job-page-photo1.jpg linear]
[workscout.in/wp-json/wp/v2/job-listings/2428]
[workscout.in/wp-json/oembed/1.0/embede835]
[workscout.in/index77ca.html]
[workscout.in/wp-json/oembed/1.0/embedf964]
[workscout.in/wp-content/uploads/2015/10/job-page-photo1.jpg]
[workscout.in/job/restaurant-team-member-crew/index.html]
[workscout.in/wp-content/themes/workscout/js/custom.min879a.js]
[workscout.in/wp-json/wp/v2/job-listings/2431]
[workscout.in/wp-json/oembed/1.0/embed1e9d]
[workscout.in/index9fbb.html]
[workscout.in/wp-json/oembed/1.0/embedd320]
[workscout.in/job/marketing-coordinator/index.html]
[workscout.in/wp-content/themes/workscout/js/custom.minba7a.js]
[workscout.in/wp-json/wp/v2/job-listings/2479]
[workscout.in/wp-json/oembed/1.0/embed4473]
[workscout.in/indexde83.html]
[workscout.in/wp-json/oembed/1.0/embed4199]
[workscout.in/job/satellite-tv-technicianinstaller/index.html]
[workscout.in/index77ce.html]
[workscout.in/wp-content/themes/workscout/js/custom.mincd52.js]
[workscout.in/company/telimed-pege3i896-berlin/feed/index.html]
[workscout.in/wp-json/wp/v2/company/24722]
[workscout.in/wp-json/oembed/1.0/embed5073]
[workscout.in/wp-json/oembed/1.0/embed857d]
[workscout.in/index50d3.html]
[workscout.in/wp-logindadf.php]
[workscout.in/company/telimed-pege3i896-berlin/index.html]
[workscout.in/wp-content/themes/workscout/js/custom.mincbe9.js]
[workscout.in/wp-json/wp/v2/job_listing_tag/2914.2d6.delayed]
[workscout.in/job-tag/healthcare/feed/index.html]
[workscout.in/job-tag/healthcare/index.html]
[workscout.in/indexb558.html]
[workscout.in/wp-content/themes/workscout/js/custom.min5b4c.js]
[workscout.in/wp-json/wp/v2/job_listing_tag/2966]
[workscout.in/job-tag/food-service/feed/index.html]
[workscout.in/job-tag/food-service/index.html]
[workscout.in/wp-content/themes/workscout/js/custom.mindcfc.js]
[workscout.in/wp-json/wp/v2/job_listing_tag/2965]
[workscout.in/job-tag/kitchen-hygiene/feed/index.html]
[workscout.in/job-tag/kitchen-hygiene/index.html]
[workscout.in/index9678.html]
[workscout.in/wp-json/oembed/1.0/embed7717.html]
[workscout.in/wp-json/oembed/1.0/embedb2e0.html]
[workscout.in/job-tag/artificial-intelligence/index.html]
[workscout.in/job-tag/augmented-reality/index.html]
[workscout.in/job-tag/productivity/index.html]
[workscout.in/job-tag/psychology/index.html]
[workscout.in/job-tag/social-media/index.html]
[workscout.in/wp-json/wp/v2/job-listings/2484.html]
[workscout.in/index93cb.html]
[workscout.in/wp-json/oembed/1.0/embedfb44.html]
[workscout.in/wp-json/oembed/1.0/embedc6cf.html]
[workscout.in/2023/10/11-tips-to-help-you-get-new-clients-through-cold-calling/feed/index.html]
[workscout.in/wp-json/wp/v2/posts/2396.html]
[workscout.in/index4df4.html]
[workscout.in/wp-json/oembed/1.0/embed2e17.html]
[workscout.in/wp-json/oembed/1.0/embed5ea4.html]
[workscout.in/category/career-counseling/index.html]
[workscout.in/wp-loginebc0.html]
[workscout.in/2023/10/how-to-woo-a-recruiter-and-land-your-dream-job/feed/index.html]
[workscout.in/wp-json/wp/v2/posts/2394.html]
[workscout.in/index4cb5.html]
[workscout.in/wp-json/oembed/1.0/embed3e9c.html]
[workscout.in/wp-json/oembed/1.0/embed0f68.html]
[workscout.in/category/developement/index.html]
[workscout.in/wp-login3400.html]
[workscout.in/2023/10/hey-job-seeker-its-time-to-get-up-and-get-hired/feed/index.html]
[workscout.in/wp-json/wp/v2/posts/2391.html]
[workscout.in/indexd309.html]
[workscout.in/wp-json/oembed/1.0/embede305.html]
[workscout.in/wp-json/oembed/1.0/embedd2a3.html]
[workscout.in/2015/09/science-bookshelf-in-new-york/index.html]
[workscout.in/wp-login5a67.html]
[workscout.in/wp-json/wp/v2/pages/2421.html]
[workscout.in/index8610.html]
[workscout.in/wp-json/oembed/1.0/embeddbde.html]
[workscout.in/wp-json/oembed/1.0/embed3ba1.html]
[workscout.in/wp-json/wp/v2/pages/2565.html]
[workscout.in/indexaec1.html]
[workscout.in/wp-json/oembed/1.0/embedf4f5.html]
[workscout.in/wp-json/oembed/1.0/embed3101.html]
[workscout.in/wp-content/uploads/elementor/css/post-27895eef2.css]
[workscout.in/wp-json/wp/v2/pages/27895.html]
[workscout.in/index3aa1.html]
[workscout.in/wp-json/oembed/1.0/embed6681.html]
[workscout.in/wp-json/oembed/1.0/embedd18c.html]
[workscout.in/wp-content/uploads/2022/02/wave-haikei6.svg]
[workscout.in/job-category/design-art-multimedia/feed/index.html]
[workscout.in/wp-json/wp/v2/job-categories/137.html]
[workscout.in/job-category/public-relations/feed/index.html]
[workscout.in/wp-json/wp/v2/job-categories/180.html]
[workscout.in/job-category/transportation-logistics/feed/index.html]
[workscout.in/wp-json/wp/v2/job-categories/167.html]
[workscout.in/company/king-lrawqefhs-london-uk/feed/index.html]
[workscout.in/wp-json/wp/v2/company/24721.html]
[workscout.in/indexf4df.html]
[workscout.in/wp-json/oembed/1.0/embed0233.html]
[workscout.in/wp-json/oembed/1.0/embed75cd.html]
[workscout.in/wp-login2541.html]
[workscout.in/company/tech-98mevlhn-new-york-usa/feed/index.html]
[workscout.in/wp-json/wp/v2/company/24724.html]
[workscout.in/indexcaae.html]
[workscout.in/wp-json/oembed/1.0/embed8eff.html]
[workscout.in/wp-json/oembed/1.0/embed16f8.html]
[workscout.in/wp-loginfdaa.html]
[workscout.in/company/purethemes-e7zikjph-dublin-ireland/feed/index.html]
[workscout.in/wp-json/wp/v2/company/24728.html]
[workscout.in/indexad76.html]
[workscout.in/wp-json/oembed/1.0/embed88ec.html]
[workscout.in/wp-json/oembed/1.0/embed82d7.html]
[workscout.in/wp-content/themes/workscout/images/flags/pl.svg]
[workscout.in/wp-loginecd8.html]
[workscout.in/job-region/los-angeles/feed/index.html]
[workscout.in/wp-json/wp/v2/job_listing_region/1850.html]
[workscout.in/job-region/miami/feed/index.html]
[workscout.in/wp-json/wp/v2/job_listing_region/1849.html]
[workscout.in/job-region/san-francisco/feed/index.html]
[workscout.in/wp-json/wp/v2/job_listing_region/1848.html]
[workscout.in/job-region/new-york/feed/index.html]
[workscout.in/wp-json/wp/v2/job_listing_region/1847.html]
[workscout.in/wp-json/wp/v2/job-listings/2483.html]
[workscout.in/indexf14d.html]
[workscout.in/wp-json/oembed/1.0/embed6d9d.html]
[workscout.in/wp-json/oembed/1.0/embed062b.html]
[workscout.in/company/coffee-1h2mqsl-warsaw-poland/feed/index.html]
[workscout.in/wp-json/wp/v2/company/24723.html]
[workscout.in/indexfedc.html]
[workscout.in/wp-json/oembed/1.0/embed0b0a.html]
[workscout.in/wp-json/oembed/1.0/embed594a.html]
[workscout.in/wp-loginebd7.html]
[workscout.in/wp-json/wp/v2/resumes/2539.html]
[workscout.in/index36c4.html]
[workscout.in/wp-json/oembed/1.0/embed69a8.html]
[workscout.in/wp-json/oembed/1.0/embed3a6a.html]
[workscout.in/resume-region/los-angeles/index.html]
[workscout.in/resume/lucas-harris/indexbc84.html]
[workscout.in/wp-content/uploads/2023/11/Rect-Light-1.svg]
[workscout.in/task-category/web-development/feed/index.html]
[workscout.in/wp-json/wp/v2/task_category/2877.html]
[workscout.in/task-category/marketing/feed/index.html]
[workscout.in/wp-json/wp/v2/task_category/2884.html]
[workscout.in/task-category/mobile-apps/feed/index.html]
[workscout.in/wp-json/wp/v2/task_category/2885.html]
[workscout.in/task-category/copywriting/feed/index.html]
[workscout.in/wp-json/wp/v2/task_category/2888.html]
[workscout.in/resume/george-4oolif6-visual-identity-designer-london/feed/index.html]
[workscout.in/wp-json/wp/v2/resumes/27140.html]
[workscout.in/indexccbc.html]
[workscout.in/wp-json/oembed/1.0/embed5797.html]
[workscout.in/wp-json/oembed/1.0/embed71a4.html]
[workscout.in/resume-region/chicago/index.html]
[workscout.in/resume/george-4oolif6-visual-identity-designer-london/index3192.html]
[workscout.in/task-category/childcare/feed/index.html]
[workscout.in/wp-json/wp/v2/task_category/2891.html]
[workscout.in/task-category/photography/feed/index.html]
[workscout.in/wp-json/wp/v2/task_category/2896.html]
[workscout.in/wp-json/wp/v2/task/27620.html]
[workscout.in/index1917.html]
[workscout.in/wp-json/oembed/1.0/embed1087.html]
[workscout.in/wp-json/oembed/1.0/embed96e2.html]
[workscout.in/task-skill/games-development/index.html]
[workscout.in/author/candidate575/index.html]
[workscout.in/wp-content/plugins/workscout-freelancer/assets/images/flags/us.svg]
[workscout.in/wp-content/plugins/workscout-freelancer/assets/images/flags/gb.svg]
[workscout.in/wp-json/wp/v2/task/27612.html]
[workscout.in/index5734.html]
[workscout.in/wp-json/oembed/1.0/embed5fcc.html]
[workscout.in/wp-json/oembed/1.0/embeda4ee.html]
[workscout.in/task-skill/babysitting/index.html]
[workscout.in/task-skill/childcare/index.html]
[workscout.in/author/ratan/index.html]
[workscout.in/task/translating-15000-words-from-english-to-german/feed/index.html]
[workscout.in/wp-json/wp/v2/task/27611.html]
[workscout.in/indexa232.html]
[workscout.in/wp-json/oembed/1.0/embed6076.html]
[workscout.in/wp-json/oembed/1.0/embed7817.html]
[workscout.in/company/hexagon-t1xrqrmhy/index.html]
[workscout.in/task-skill/language/index.html]
[workscout.in/task-skill/translating/index.html]
[workscout.in/wp-json/wp/v2/resumes/2546.html]
[workscout.in/indexdda9.html]
[workscout.in/wp-json/oembed/1.0/embedfc0d.html]
[workscout.in/wp-json/oembed/1.0/embed1349.html]
[workscout.in/resume-region/ottawa/index.html]
[workscout.in/resume/david-moore/index0a2d.html]
[workscout.in/wp-json/wp/v2/resumes/2545.html]
[workscout.in/index58f6.html]
[workscout.in/wp-json/oembed/1.0/embed2132.html]
[workscout.in/wp-json/oembed/1.0/embedc395.html]
[workscout.in/wp-json/wp/v2/resumes/2541.html]
[workscout.in/indexf3cd.html]
[workscout.in/wp-json/oembed/1.0/embed29c8.html]
[workscout.in/wp-json/oembed/1.0/embedafb0.html]
[workscout.in/resume-region/paris/index.html]
[workscout.in/resume/christina-morillo/index2e87.html]
[workscout.in/resume-category/babysitter/feed/index.html]
[workscout.in/wp-json/wp/v2/resume-categories/125.html]
[workscout.in/resume-category/construction-facilities/feed/index.html]
[workscout.in/wp-json/wp/v2/resume-categories/133.html]
[workscout.in/resume-category/management-finance/feed/index.html]
[workscout.in/wp-json/wp/v2/resume-categories/152.html]
[workscout.in/resume-category/web-software-it/feed/index.html]
[workscout.in/wp-json/wp/v2/resume-categories/169.html]
[workscout.in/wp-json/wp/v2/job-listings/2485.html]
[workscout.in/indexdd6f.html]
[workscout.in/wp-json/oembed/1.0/embed4717.html]
[workscout.in/wp-json/oembed/1.0/embedd7d9.html]
[workscout.in/company/cubico-dchotbxicr/index.html]
[workscout.in/wp-json/wp/v2/job-listings/2481.html]
[workscout.in/index2364.html]
[workscout.in/wp-json/oembed/1.0/embed8b2a.html]
[workscout.in/wp-json/oembed/1.0/embed48ab.html]
[workscout.in/wp-json/wp/v2/job-listings/2480.html]
[workscout.in/index2216.html]
[workscout.in/wp-json/oembed/1.0/embed741f.html]
[workscout.in/wp-json/oembed/1.0/embed04f0.html]
[workscout.in/wp-json/wp/v2/job-listings/2469.html]
[workscout.in/index661b.html]
[workscout.in/wp-json/oembed/1.0/embed3f1d.html]
[workscout.in/wp-json/oembed/1.0/embede7b7.html]
[workscout.in/wp-json/wp/v2/job-listings/2482.html]
[workscout.in/index3edb.html]
[workscout.in/wp-json/oembed/1.0/embed0910.html]
[workscout.in/wp-json/oembed/1.0/embed06af.html]
[workscout.in/wp-json/wp/v2/job-listings/2472.html]
[workscout.in/index65ff.html]
[workscout.in/wp-json/oembed/1.0/embed405d.html]
[workscout.in/wp-json/oembed/1.0/embed8920.html]
[workscout.in/wp-json/wp/v2/job-listings/2432.html]
[workscout.in/index0354.html]
[workscout.in/wp-json/oembed/1.0/embed50f9.html]
[workscout.in/wp-json/oembed/1.0/embed7350.html]
[workscout.in/wp-json/wp/v2/job-listings/2478.html]
[workscout.in/indexbcfa.html]
[workscout.in/wp-json/oembed/1.0/embedbaab.html]
[workscout.in/wp-json/oembed/1.0/embed750d.html]
[workscout.in/task/drive-traffic-to-our-website/feed/index.html]
[workscout.in/wp-json/wp/v2/task/27609.html]
[workscout.in/index534d.html]
[workscout.in/wp-json/oembed/1.0/embedc8cb.html]
[workscout.in/wp-json/oembed/1.0/embed92a4.html]
[workscout.in/task-skill/internet-marketing/index.html]
[workscout.in/task-skill/social-media/index.html]
[workscout.in/task-skill/wordpress/index.html]
[workscout.in/author/emy/index.html]
[workscout.in/task/need-an-expert-digital-marketing-seo/feed/index.html]
[workscout.in/wp-json/wp/v2/task/27168.html]
[workscout.in/indexee8a.html]
[workscout.in/wp-json/oembed/1.0/embed85e4.html]
[workscout.in/wp-json/oembed/1.0/embede810.html]
[workscout.in/task-skill/seo/index.html]
[workscout.in/wp-json/wp/v2/task/27174.html]
[workscout.in/index107b.html]
[workscout.in/wp-json/oembed/1.0/embedbf1e.html]
[workscout.in/wp-json/oembed/1.0/embed5294.html]
[workscout.in/task-skill/python/index.html]
[workscout.in/task-skill/selenium/index.html]
[workscout.in/task/wordpress-theme-installation/feed/index.html]
[workscout.in/wp-json/wp/v2/task/27183.html]
[workscout.in/index3505.html]
[workscout.in/wp-json/oembed/1.0/embed1365.html]
[workscout.in/wp-json/oembed/1.0/embeda489.html]
[workscout.in/task-skill/java-script/index.html]
[workscout.in/task-skill/php/index.html]
[workscout.in/companies/page/1/index.html]
[workscout.in/job-category/display-advertising/feed/index.html]
[workscout.in/wp-json/wp/v2/job-categories/175.html]
[workscout.in/job-category/email-marketing/feed/index.html]
[workscout.in/wp-json/wp/v2/job-categories/176.html]
[workscout.in/job-category/lead-generation/feed/index.html]
[workscout.in/wp-json/wp/v2/job-categories/177.html]
[workscout.in/job-category/market-customer-research/feed/index.html]
[workscout.in/wp-json/wp/v2/job-categories/178.html]
[workscout.in/job-category/marketing-strategy/feed/index.html]
[workscout.in/wp-json/wp/v2/job-categories/179.html]
[workscout.in/job-category/adobe-photoshop/feed/index.html]
[workscout.in/wp-json/wp/v2/job-categories/172.html]
[workscout.in/job-category/animation/feed/index.html]
[workscout.in/wp-json/wp/v2/job-categories/173.html]
[workscout.in/job-category/design/feed/index.html]
[workscout.in/wp-json/wp/v2/job-categories/174.html]
[workscout.in/job-category/graphic-design/feed/index.html]
[workscout.in/wp-json/wp/v2/job-categories/145.html]
[workscout.in/job-category/illustration/feed/index.html]
[workscout.in/wp-json/wp/v2/job-categories/147.html]
[workscout.in/job-category/logo-design/feed/index.html]
[workscout.in/wp-json/wp/v2/job-categories/150.html]
[workscout.in/job-category/video/feed/index.html]
[workscout.in/wp-json/wp/v2/job-categories/168.html]
[workscout.in/wp-json/wp/v2/pages/18886.html]
[workscout.in/indexac08.html]
[workscout.in/wp-json/oembed/1.0/embed02a8.html]
[workscout.in/wp-json/oembed/1.0/embed0820.html]
[workscout.in/resumes/feed/index.html]
[workscout.in/wp-json/wp/v2/resumes/2537.html]
[workscout.in/indexb426.html]
[workscout.in/wp-json/oembed/1.0/embedeea4.html]
[workscout.in/wp-json/oembed/1.0/embed03e6.html]
[workscout.in/resume-region/houston/index.html]
[workscout.in/wp-json/wp/v2/resumes/2544.html]
[workscout.in/index16e3.html]
[workscout.in/wp-json/oembed/1.0/embed00ff.html]
[workscout.in/wp-json/oembed/1.0/embed1f96.html]
[workscout.in/resume-region/new-york/index.html]
[workscout.in/company/moore-lc1bdmp97q/feed/index.html]
[workscout.in/wp-json/wp/v2/company/24725.html]
[workscout.in/indexfa04.html]
[workscout.in/wp-json/oembed/1.0/embed69e9.html]
[workscout.in/wp-json/oembed/1.0/embed3105.html]
[workscout.in/wp-logindffa.html]
[workscout.in/wp-json/wp/v2/job-listings/2475.html]
[workscout.in/index8328.html]
[workscout.in/wp-json/oembed/1.0/embed257d.html]
[workscout.in/wp-json/oembed/1.0/embed5f39.html]
[workscout.in/wp-json/wp/v2/job-listings/2473.html]
[workscout.in/indexc60b.html]
[workscout.in/wp-json/oembed/1.0/embeda368.html]
[workscout.in/wp-json/oembed/1.0/embed054c.html]
[workscout.in/resume-region/frankfurt/feed/index.html]
[workscout.in/wp-json/wp/v2/resume_region/2904.html]
[workscout.in/task-skill/android-app/feed/index.html]
[workscout.in/wp-json/wp/v2/task_skill/2886.html]
[workscout.in/task-skill/ios-app/feed/index.html]
[workscout.in/wp-json/wp/v2/task_skill/2887.html]
[workscout.in/author/admin4/feed/index.html]
[workscout.in/wp-json/wp/v2/users/22386.html]
[workscout.in/author/kamal/feed/index.html]
[workscout.in/wp-json/wp/v2/users/22332.html]
[workscout.in/author/deneme12/feed/index.html]
[workscout.in/wp-json/wp/v2/users/22373.html]
[workscout.in/author/turunen-onni/feed/index.html]
[workscout.in/wp-json/wp/v2/users/22350.html]
[workscout.in/author/macnyoni/feed/index.html]
[workscout.in/wp-json/wp/v2/users/22344.html]
[workscout.in/author/candidate/feed/index.html]
[workscout.in/wp-json/wp/v2/users/21522.html]
[workscout.in/author/timtimt/feed/index.html]
[workscout.in/wp-json/wp/v2/users/22285.html]
[workscout.in/author/pl/feed/index.html]
[workscout.in/wp-json/wp/v2/users/22269.html]
[workscout.in/author/testuser123/feed/index.html]
[workscout.in/wp-json/wp/v2/users/22264.html]
[workscout.in/author/employer/feed/index.html]
[workscout.in/wp-json/wp/v2/users/21523.html]
[workscout.in/wp-content/plugins/elementor/assets/lib/font-awesome/webfonts/fa-brands-400.svg]
[workscout.in/wp-content/themes/workscout/images/filters.svg]
[workscout.in/wp-content/themes/workscout/images/close.svg]
[workscout.in/wp-json/wp/v2/job-listings/2470.html]
[workscout.in/index48aa.html]
[workscout.in/wp-json/oembed/1.0/embed1a04.html]
[workscout.in/wp-json/oembed/1.0/embedce37.html]
[workscout.in/wp-json/wp/v2/job-listings/2461.html]
[workscout.in/indexcd86.html]
[workscout.in/wp-json/oembed/1.0/embed25af.html]
[workscout.in/wp-json/oembed/1.0/embedc9f8.html]
[workscout.in/wp-json/wp/v2/job-listings/2477.html]
[workscout.in/index9276.html]
[workscout.in/wp-json/oembed/1.0/embeddc61.html]
[workscout.in/wp-json/oembed/1.0/embedcd53.html]
[workscout.in/wp-content/uploads/2015/10/job-page-photo1.html]
[workscout.in/wp-json/wp/v2/job-listings/2428.html]
[workscout.in/index77ca.html]
[workscout.in/wp-json/oembed/1.0/embede835.html]
[workscout.in/wp-json/oembed/1.0/embedf964.html]
[workscout.in/wp-json/wp/v2/job-listings/2431.html]
[workscout.in/index9fbb.html]
[workscout.in/wp-json/oembed/1.0/embed1e9d.html]
[workscout.in/wp-json/oembed/1.0/embedd320.html]
[workscout.in/wp-json/wp/v2/job-listings/2479.html]
[workscout.in/indexde83.html]
[workscout.in/wp-json/oembed/1.0/embed4473.html]
[workscout.in/wp-json/oembed/1.0/embed4199.html]
[workscout.in/company/telimed-pege3i896-berlin/feed/index.html]
[workscout.in/wp-json/wp/v2/company/24722.html]
[workscout.in/index50d3.html]
[workscout.in/wp-json/oembed/1.0/embed5073.html]
[workscout.in/wp-json/oembed/1.0/embed857d.html]
[workscout.in/wp-logindadf.html]
[workscout.in/job-tag/healthcare/feed/index.html]
[workscout.in/wp-json/wp/v2/job_listing_tag/2914.html]
[workscout.in/job-tag/food-service/feed/index.html]
[workscout.in/wp-json/wp/v2/job_listing_tag/2966.html]
[workscout.in/job-tag/kitchen-hygiene/feed/index.html]
[workscout.in/wp-json/wp/v2/job_listing_tag/2965.html]
[workscout.in/wp-content/themes/workscout/js/custom.min6a82.js]
